--- adb starting (pid 27933) ---
07-08 11:38:52.493 27933 27933 I adb     : main.cpp:63 Android Debug Bridge version 1.0.41
07-08 11:38:52.493 27933 27933 I adb     : main.cpp:63 Version 34.0.4-debian
07-08 11:38:52.493 27933 27933 I adb     : main.cpp:63 Installed as /usr/lib/android-sdk/platform-tools/adb
07-08 11:38:52.493 27933 27933 I adb     : main.cpp:63 Running on Linux 6.17.0-1017-aws (aarch64)
07-08 11:38:52.493 27933 27933 I adb     : main.cpp:63 
07-08 11:38:52.493 27933 27933 I adb     : auth.cpp:416 adb_auth_init...
07-08 11:38:52.493 27933 27933 I adb     : auth.cpp:220 User key '/home/ubuntu/.android/adbkey' does not exist...
07-08 11:38:52.493 27933 27933 I adb     : auth.cpp:64 generate_key(/home/ubuntu/.android/adbkey)...
07-08 11:38:52.873 27933 27933 I adb     : auth.cpp:152 loaded new key from '/home/ubuntu/.android/adbkey' with fingerprint 412C89C42E775E527C4E4E6ED90BD468AB9C458CA5B32B774706919EBB8BCFC1
07-08 11:38:52.873 27933 27933 I adb     : auth.cpp:391 adb_auth_inotify_init...
07-08 11:38:52.874 27933 27940 I adb     : transport.cpp:335 emulator-5554: read thread spawning
07-08 11:38:52.874 27933 27941 I adb     : transport.cpp:307 emulator-5554: write thread spawning
07-08 11:38:52.875 27933 27933 I adb     : adb.cpp:172 emulator-5554: already offline
07-08 11:38:52.875 27933 27943 I adb     : transport.cpp:335 localhost:5555: read thread spawning
07-08 11:38:52.875 27933 27944 I adb     : transport.cpp:307 localhost:5555: write thread spawning
07-08 11:38:52.875 27933 27933 I adb     : adb.cpp:172 localhost:5555: already offline
07-08 11:45:06.840 27933 27943 I adb     : transport.cpp:339 localhost:5555: read failed: Success
07-08 11:45:06.840 27933 27943 I adb     : transport.cpp:1248 localhost:5555: connection terminated: read failed
07-08 11:45:06.840 27933 27933 I adb     : adb.cpp:176 localhost:5555: offline
07-08 11:45:06.840 27933 27933 I adb     : transport.cpp:931 destroying transport localhost:5555
07-08 11:45:06.840 27933 27933 I adb     : transport.cpp:407 BlockingConnectionAdapter(localhost:5555): stopping
07-08 11:45:06.840 27933 27933 I adb     : transport.cpp:425 BlockingConnectionAdapter(localhost:5555): stopped
07-08 11:45:06.843 27933 27940 I adb     : transport.cpp:339 emulator-5554: read failed: Success
07-08 11:45:06.843 27933 27940 I adb     : transport.cpp:1248 emulator-5554: connection terminated: read failed
07-08 11:45:06.843 27933 27933 I adb     : adb.cpp:176 emulator-5554: offline
07-08 11:45:06.843 27933 27933 I adb     : transport.cpp:931 destroying transport emulator-5554
07-08 11:45:06.843 27933 27933 I adb     : transport.cpp:407 BlockingConnectionAdapter(emulator-5554): stopping
07-08 11:45:06.843 27933 27933 I adb     : transport.cpp:425 BlockingConnectionAdapter(emulator-5554): stopped
07-08 11:45:07.095 27933 27933 I adb     : transport.cpp:294 BlockingConnectionAdapter(emulator-5554): destructing
07-08 11:45:07.095 27933 27933 I adb     : transport.cpp:400 BlockingConnectionAdapter(emulator-5554): already stopped
07-08 11:45:25.980 27933 27933 I adb     : transport.cpp:1155 kicking transport 0xf946d0000c40 localhost:5555
07-08 11:45:25.980 27933 27933 I adb     : transport.cpp:400 BlockingConnectionAdapter(localhost:5555): already stopped
07-08 11:45:25.980 27933 27933 I adb     : transport.cpp:294 BlockingConnectionAdapter(localhost:5555): destructing
07-08 11:45:25.980 27933 27933 I adb     : transport.cpp:400 BlockingConnectionAdapter(localhost:5555): already stopped
07-08 11:49:02.223 27933 38682 I adb     : transport.cpp:335 localhost:5555: read thread spawning
07-08 11:49:02.223 27933 38683 I adb     : transport.cpp:307 localhost:5555: write thread spawning
07-08 11:49:02.224 27933 27933 I adb     : adb.cpp:172 localhost:5555: already offline
07-08 15:22:09.537 27933 38682 I adb     : transport.cpp:339 localhost:5555: read failed: Success
07-08 15:22:09.537 27933 38682 I adb     : transport.cpp:1248 localhost:5555: connection terminated: read failed
07-08 15:22:09.537 27933 27933 I adb     : adb.cpp:176 localhost:5555: offline
07-08 15:22:09.538 27933 27933 I adb     : transport.cpp:931 destroying transport localhost:5555
07-08 15:22:09.538 27933 27933 I adb     : transport.cpp:407 BlockingConnectionAdapter(localhost:5555): stopping
07-08 15:22:09.538 27933 27933 I adb     : transport.cpp:425 BlockingConnectionAdapter(localhost:5555): stopped
07-08 15:22:09.788 27933 27934 I adb     : transport.cpp:294 BlockingConnectionAdapter(localhost:5555): destructing
07-08 15:22:09.788 27933 27934 I adb     : transport.cpp:400 BlockingConnectionAdapter(localhost:5555): already stopped
07-08 15:22:09.788 27933 41944 I adb     : transport.cpp:335 localhost:5555: read thread spawning
07-08 15:22:09.789 27933 41945 I adb     : transport.cpp:307 localhost:5555: write thread spawning
07-08 15:22:09.789 27933 27933 I adb     : adb.cpp:172 localhost:5555: already offline
07-11 03:50:12.758 27933 307580 I adb     : transport.cpp:294 BlockingConnectionAdapter(<unknown>): destructing
07-11 03:50:12.759 27933 307580 I adb     : transport.cpp:395 BlockingConnectionAdapter(<unknown>): not started
07-11 03:52:59.380 27933 27933 W adb     : sockets.cpp:310 timeout expired while flushing socket, closing
07-11 03:54:33.505 27933 27933 W adb     : sockets.cpp:310 timeout expired while flushing socket, closing
07-11 03:55:28.889 27933 27933 W adb     : sockets.cpp:310 timeout expired while flushing socket, closing
07-11 04:08:14.385 27933 27933 W adb     : sockets.cpp:310 timeout expired while flushing socket, closing
07-11 04:15:39.292 27933 27933 W adb     : sockets.cpp:310 timeout expired while flushing socket, closing
07-11 12:52:07.556 27933 41944 I adb     : transport.cpp:339 localhost:5555: read failed: Success
07-11 12:52:07.557 27933 41944 I adb     : transport.cpp:1248 localhost:5555: connection terminated: read failed
07-11 12:52:07.557 27933 27933 I adb     : adb.cpp:176 localhost:5555: offline
07-11 12:52:07.557 27933 27933 I adb     : transport.cpp:931 destroying transport localhost:5555
07-11 12:52:07.557 27933 27933 I adb     : transport.cpp:407 BlockingConnectionAdapter(localhost:5555): stopping
07-11 12:52:07.558 27933 27933 I adb     : transport.cpp:425 BlockingConnectionAdapter(localhost:5555): stopped
07-11 12:52:07.808 27933 27934 I adb     : transport.cpp:294 BlockingConnectionAdapter(localhost:5555): destructing
07-11 12:52:07.808 27933 27934 I adb     : transport.cpp:400 BlockingConnectionAdapter(localhost:5555): already stopped
07-11 12:52:07.808 27933 407992 I adb     : transport.cpp:307 localhost:5555: write thread spawning
07-11 12:52:07.808 27933 407991 I adb     : transport.cpp:335 localhost:5555: read thread spawning
07-11 12:52:07.809 27933 407991 I adb     : transport.cpp:339 localhost:5555: read failed: Connection reset by peer
07-11 12:52:07.810 27933 407991 I adb     : transport.cpp:1248 localhost:5555: connection terminated: read failed
07-11 12:52:07.810 27933 27933 I adb     : adb.cpp:172 localhost:5555: already offline
07-11 12:52:07.810 27933 27933 I adb     : transport.cpp:931 destroying transport localhost:5555
07-11 12:52:07.810 27933 27933 I adb     : transport.cpp:407 BlockingConnectionAdapter(localhost:5555): stopping
07-11 12:52:07.810 27933 27933 I adb     : transport.cpp:425 BlockingConnectionAdapter(localhost:5555): stopped
07-11 12:52:11.060 27933 27934 I adb     : transport.cpp:294 BlockingConnectionAdapter(localhost:5555): destructing
07-11 12:52:11.060 27933 27934 I adb     : transport.cpp:400 BlockingConnectionAdapter(localhost:5555): already stopped
07-11 12:52:11.060 27933 408271 I adb     : transport.cpp:335 localhost:5555: read thread spawning
07-11 12:52:11.060 27933 408272 I adb     : transport.cpp:307 localhost:5555: write thread spawning
07-11 12:52:11.061 27933 408271 I adb     : transport.cpp:339 localhost:5555: read failed: Connection reset by peer
07-11 12:52:11.061 27933 408271 I adb     : transport.cpp:1248 localhost:5555: connection terminated: read failed
07-11 12:52:11.061 27933 27933 I adb     : adb.cpp:172 localhost:5555: already offline
07-11 12:52:11.061 27933 27933 I adb     : transport.cpp:931 destroying transport localhost:5555
07-11 12:52:11.061 27933 27933 I adb     : transport.cpp:407 BlockingConnectionAdapter(localhost:5555): stopping
07-11 12:52:11.061 27933 27933 I adb     : transport.cpp:425 BlockingConnectionAdapter(localhost:5555): stopped
07-11 12:52:11.311 27933 27934 I adb     : transport.cpp:294 BlockingConnectionAdapter(localhost:5555): destructing
07-11 12:52:11.311 27933 27934 I adb     : transport.cpp:400 BlockingConnectionAdapter(localhost:5555): already stopped
07-11 12:52:11.311 27933 408274 I adb     : transport.cpp:335 localhost:5555: read thread spawning
07-11 12:52:11.311 27933 408275 I adb     : transport.cpp:307 localhost:5555: write thread spawning
07-11 12:52:11.311 27933 408274 I adb     : transport.cpp:339 localhost:5555: read failed: Connection reset by peer
07-11 12:52:11.311 27933 408274 I adb     : transport.cpp:1248 localhost:5555: connection terminated: read failed
07-11 12:52:11.312 27933 27933 I adb     : adb.cpp:172 localhost:5555: already offline
07-11 12:52:11.312 27933 27933 I adb     : transport.cpp:931 destroying transport localhost:5555
07-11 12:52:11.312 27933 27933 I adb     : transport.cpp:407 BlockingConnectionAdapter(localhost:5555): stopping
07-11 12:52:11.312 27933 27933 I adb     : transport.cpp:425 BlockingConnectionAdapter(localhost:5555): stopped
07-11 12:52:11.562 27933 27934 I adb     : transport.cpp:294 BlockingConnectionAdapter(localhost:5555): destructing
07-11 12:52:11.562 27933 27934 I adb     : transport.cpp:400 BlockingConnectionAdapter(localhost:5555): already stopped
07-11 12:52:11.562 27933 408277 I adb     : transport.cpp:335 localhost:5555: read thread spawning
07-11 12:52:11.562 27933 408278 I adb     : transport.cpp:307 localhost:5555: write thread spawning
07-11 12:52:11.562 27933 408277 I adb     : transport.cpp:339 localhost:5555: read failed: Connection reset by peer
07-11 12:52:11.562 27933 408277 I adb     : transport.cpp:1248 localhost:5555: connection terminated: read failed
07-11 12:52:11.562 27933 27933 I adb     : adb.cpp:172 localhost:5555: already offline
07-11 12:52:11.562 27933 27933 I adb     : transport.cpp:931 destroying transport localhost:5555
07-11 12:52:11.562 27933 27933 I adb     : transport.cpp:407 BlockingConnectionAdapter(localhost:5555): stopping
07-11 12:52:11.562 27933 27933 I adb     : transport.cpp:425 BlockingConnectionAdapter(localhost:5555): stopped
07-11 12:52:11.813 27933 27934 I adb     : transport.cpp:294 BlockingConnectionAdapter(localhost:5555): destructing
07-11 12:52:11.813 27933 27934 I adb     : transport.cpp:400 BlockingConnectionAdapter(localhost:5555): already stopped
07-11 12:52:11.813 27933 408280 I adb     : transport.cpp:335 localhost:5555: read thread spawning
07-11 12:52:11.813 27933 408281 I adb     : transport.cpp:307 localhost:5555: write thread spawning
07-11 12:52:11.813 27933 408280 I adb     : transport.cpp:339 localhost:5555: read failed: Connection reset by peer
07-11 12:52:11.813 27933 408280 I adb     : transport.cpp:1248 localhost:5555: connection terminated: read failed
07-11 12:52:11.813 27933 27933 I adb     : adb.cpp:172 localhost:5555: already offline
07-11 12:52:11.813 27933 27933 I adb     : transport.cpp:931 destroying transport localhost:5555
07-11 12:52:11.813 27933 27933 I adb     : transport.cpp:407 BlockingConnectionAdapter(localhost:5555): stopping
07-11 12:52:11.813 27933 27933 I adb     : transport.cpp:425 BlockingConnectionAdapter(localhost:5555): stopped
07-11 12:52:12.063 27933 27934 I adb     : transport.cpp:294 BlockingConnectionAdapter(localhost:5555): destructing
07-11 12:52:12.063 27933 27934 I adb     : transport.cpp:400 BlockingConnectionAdapter(localhost:5555): already stopped
07-11 12:52:12.064 27933 408284 I adb     : transport.cpp:335 localhost:5555: read thread spawning
07-11 12:52:12.064 27933 408285 I adb     : transport.cpp:307 localhost:5555: write thread spawning
07-11 12:52:12.064 27933 408284 I adb     : transport.cpp:339 localhost:5555: read failed: Connection reset by peer
07-11 12:52:12.064 27933 408284 I adb     : transport.cpp:1248 localhost:5555: connection terminated: read failed
07-11 12:52:12.064 27933 27933 I adb     : adb.cpp:172 localhost:5555: already offline
07-11 12:52:12.064 27933 27933 I adb     : transport.cpp:931 destroying transport localhost:5555
07-11 12:52:12.064 27933 27933 I adb     : transport.cpp:407 BlockingConnectionAdapter(localhost:5555): stopping
07-11 12:52:12.064 27933 27933 I adb     : transport.cpp:425 BlockingConnectionAdapter(localhost:5555): stopped
07-11 12:52:12.314 27933 27934 I adb     : transport.cpp:294 BlockingConnectionAdapter(localhost:5555): destructing
07-11 12:52:12.314 27933 27934 I adb     : transport.cpp:400 BlockingConnectionAdapter(localhost:5555): already stopped
07-11 12:52:12.314 27933 408287 I adb     : transport.cpp:335 localhost:5555: read thread spawning
07-11 12:52:12.315 27933 408288 I adb     : transport.cpp:307 localhost:5555: write thread spawning
07-11 12:52:12.315 27933 408287 I adb     : transport.cpp:339 localhost:5555: read failed: Connection reset by peer
07-11 12:52:12.315 27933 408287 I adb     : transport.cpp:1248 localhost:5555: connection terminated: read failed
07-11 12:52:12.315 27933 27933 I adb     : adb.cpp:172 localhost:5555: already offline
07-11 12:52:12.315 27933 27933 I adb     : transport.cpp:931 destroying transport localhost:5555
07-11 12:52:12.315 27933 27933 I adb     : transport.cpp:407 BlockingConnectionAdapter(localhost:5555): stopping
07-11 12:52:12.315 27933 27933 I adb     : transport.cpp:425 BlockingConnectionAdapter(localhost:5555): stopped
07-11 12:52:12.565 27933 27934 I adb     : transport.cpp:294 BlockingConnectionAdapter(localhost:5555): destructing
07-11 12:52:12.565 27933 27934 I adb     : transport.cpp:400 BlockingConnectionAdapter(localhost:5555): already stopped
07-11 12:52:12.565 27933 408292 I adb     : transport.cpp:335 localhost:5555: read thread spawning
07-11 12:52:12.566 27933 408293 I adb     : transport.cpp:307 localhost:5555: write thread spawning
07-11 12:52:12.567 27933 408292 I adb     : transport.cpp:339 localhost:5555: read failed: Connection reset by peer
07-11 12:52:12.567 27933 408292 I adb     : transport.cpp:1248 localhost:5555: connection terminated: read failed
07-11 12:52:12.567 27933 27933 I adb     : adb.cpp:172 localhost:5555: already offline
07-11 12:52:12.567 27933 27933 I adb     : transport.cpp:931 destroying transport localhost:5555
07-11 12:52:12.567 27933 27933 I adb     : transport.cpp:407 BlockingConnectionAdapter(localhost:5555): stopping
07-11 12:52:12.567 27933 27933 I adb     : transport.cpp:425 BlockingConnectionAdapter(localhost:5555): stopped
07-11 12:52:12.818 27933 27934 I adb     : transport.cpp:294 BlockingConnectionAdapter(localhost:5555): destructing
07-11 12:52:12.818 27933 27934 I adb     : transport.cpp:400 BlockingConnectionAdapter(localhost:5555): already stopped
07-11 12:52:12.818 27933 408296 I adb     : transport.cpp:335 localhost:5555: read thread spawning
07-11 12:52:12.818 27933 408297 I adb     : transport.cpp:307 localhost:5555: write thread spawning
07-11 12:52:12.818 27933 408296 I adb     : transport.cpp:339 localhost:5555: read failed: Connection reset by peer
07-11 12:52:12.818 27933 408296 I adb     : transport.cpp:1248 localhost:5555: connection terminated: read failed
07-11 12:52:12.818 27933 27933 I adb     : adb.cpp:172 localhost:5555: already offline
07-11 12:52:12.818 27933 27933 I adb     : transport.cpp:931 destroying transport localhost:5555
07-11 12:52:12.818 27933 27933 I adb     : transport.cpp:407 BlockingConnectionAdapter(localhost:5555): stopping
07-11 12:52:12.818 27933 27933 I adb     : transport.cpp:425 BlockingConnectionAdapter(localhost:5555): stopped
07-11 12:52:13.068 27933 27934 I adb     : transport.cpp:294 BlockingConnectionAdapter(localhost:5555): destructing
07-11 12:52:13.068 27933 27934 I adb     : transport.cpp:400 BlockingConnectionAdapter(localhost:5555): already stopped
07-11 12:52:13.069 27933 408298 I adb     : transport.cpp:335 localhost:5555: read thread spawning
07-11 12:52:13.069 27933 408299 I adb     : transport.cpp:307 localhost:5555: write thread spawning
07-11 12:52:13.069 27933 408298 I adb     : transport.cpp:339 localhost:5555: read failed: Connection reset by peer
07-11 12:52:13.069 27933 408298 I adb     : transport.cpp:1248 localhost:5555: connection terminated: read failed
07-11 12:52:13.069 27933 27933 I adb     : adb.cpp:172 localhost:5555: already offline
07-11 12:52:13.069 27933 27933 I adb     : transport.cpp:931 destroying transport localhost:5555
07-11 12:52:13.069 27933 27933 I adb     : transport.cpp:407 BlockingConnectionAdapter(localhost:5555): stopping
07-11 12:52:13.069 27933 27933 I adb     : transport.cpp:425 BlockingConnectionAdapter(localhost:5555): stopped
07-11 12:52:13.319 27933 27934 I adb     : transport.cpp:294 BlockingConnectionAdapter(localhost:5555): destructing
07-11 12:52:13.319 27933 27934 I adb     : transport.cpp:400 BlockingConnectionAdapter(localhost:5555): already stopped
07-11 12:52:13.319 27933 408302 I adb     : transport.cpp:335 localhost:5555: read thread spawning
07-11 12:52:13.319 27933 408303 I adb     : transport.cpp:307 localhost:5555: write thread spawning
07-11 12:52:13.319 27933 408302 I adb     : transport.cpp:339 localhost:5555: read failed: Connection reset by peer
07-11 12:52:13.319 27933 408302 I adb     : transport.cpp:1248 localhost:5555: connection terminated: read failed
07-11 12:52:13.320 27933 27933 I adb     : adb.cpp:172 localhost:5555: already offline
07-11 12:52:13.320 27933 27933 I adb     : transport.cpp:931 destroying transport localhost:5555
07-11 12:52:13.320 27933 27933 I adb     : transport.cpp:407 BlockingConnectionAdapter(localhost:5555): stopping
07-11 12:52:13.320 27933 27933 I adb     : transport.cpp:425 BlockingConnectionAdapter(localhost:5555): stopped
07-11 12:52:13.570 27933 27934 I adb     : transport.cpp:294 BlockingConnectionAdapter(localhost:5555): destructing
07-11 12:52:13.570 27933 27934 I adb     : transport.cpp:400 BlockingConnectionAdapter(localhost:5555): already stopped
07-11 12:52:13.570 27933 408306 I adb     : transport.cpp:335 localhost:5555: read thread spawning
07-11 12:52:13.570 27933 408307 I adb     : transport.cpp:307 localhost:5555: write thread spawning
07-11 12:52:13.570 27933 408306 I adb     : transport.cpp:339 localhost:5555: read failed: Success
07-11 12:52:13.570 27933 408306 I adb     : transport.cpp:1248 localhost:5555: connection terminated: read failed
07-11 12:52:13.570 27933 27933 I adb     : adb.cpp:172 localhost:5555: already offline
07-11 12:52:13.570 27933 27933 I adb     : transport.cpp:931 destroying transport localhost:5555
07-11 12:52:13.570 27933 27933 I adb     : transport.cpp:407 BlockingConnectionAdapter(localhost:5555): stopping
07-11 12:52:13.570 27933 27933 I adb     : transport.cpp:425 BlockingConnectionAdapter(localhost:5555): stopped
07-11 12:52:13.821 27933 27934 I adb     : transport.cpp:294 BlockingConnectionAdapter(localhost:5555): destructing
07-11 12:52:13.821 27933 27934 I adb     : transport.cpp:400 BlockingConnectionAdapter(localhost:5555): already stopped
07-11 12:52:13.821 27933 408308 I adb     : transport.cpp:335 localhost:5555: read thread spawning
07-11 12:52:13.821 27933 408309 I adb     : transport.cpp:307 localhost:5555: write thread spawning
07-11 12:52:13.821 27933 408308 I adb     : transport.cpp:339 localhost:5555: read failed: Connection reset by peer
07-11 12:52:13.821 27933 408308 I adb     : transport.cpp:1248 localhost:5555: connection terminated: read failed
07-11 12:52:13.821 27933 27933 I adb     : adb.cpp:172 localhost:5555: already offline
07-11 12:52:13.821 27933 27933 I adb     : transport.cpp:931 destroying transport localhost:5555
07-11 12:52:13.821 27933 27933 I adb     : transport.cpp:407 BlockingConnectionAdapter(localhost:5555): stopping
07-11 12:52:13.821 27933 27933 I adb     : transport.cpp:425 BlockingConnectionAdapter(localhost:5555): stopped
07-11 12:52:14.071 27933 27934 I adb     : transport.cpp:294 BlockingConnectionAdapter(localhost:5555): destructing
07-11 12:52:14.071 27933 27934 I adb     : transport.cpp:400 BlockingConnectionAdapter(localhost:5555): already stopped
07-11 12:52:14.072 27933 408316 I adb     : transport.cpp:335 localhost:5555: read thread spawning
07-11 12:52:14.072 27933 408317 I adb     : transport.cpp:307 localhost:5555: write thread spawning
07-11 12:52:14.072 27933 408316 I adb     : transport.cpp:339 localhost:5555: read failed: Connection reset by peer
07-11 12:52:14.072 27933 408316 I adb     : transport.cpp:1248 localhost:5555: connection terminated: read failed
07-11 12:52:14.072 27933 27933 I adb     : adb.cpp:172 localhost:5555: already offline
07-11 12:52:14.072 27933 27933 I adb     : transport.cpp:931 destroying transport localhost:5555
07-11 12:52:14.072 27933 27933 I adb     : transport.cpp:407 BlockingConnectionAdapter(localhost:5555): stopping
07-11 12:52:14.072 27933 27933 I adb     : transport.cpp:425 BlockingConnectionAdapter(localhost:5555): stopped
07-11 12:52:14.323 27933 27934 I adb     : transport.cpp:294 BlockingConnectionAdapter(localhost:5555): destructing
07-11 12:52:14.323 27933 27934 I adb     : transport.cpp:400 BlockingConnectionAdapter(localhost:5555): already stopped
07-11 12:52:14.323 27933 408329 I adb     : transport.cpp:335 localhost:5555: read thread spawning
07-11 12:52:14.323 27933 408330 I adb     : transport.cpp:307 localhost:5555: write thread spawning
07-11 12:52:14.323 27933 408329 I adb     : transport.cpp:339 localhost:5555: read failed: Connection reset by peer
07-11 12:52:14.323 27933 408329 I adb     : transport.cpp:1248 localhost:5555: connection terminated: read failed
07-11 12:52:14.323 27933 27933 I adb     : adb.cpp:172 localhost:5555: already offline
07-11 12:52:14.323 27933 27933 I adb     : transport.cpp:931 destroying transport localhost:5555
07-11 12:52:14.323 27933 27933 I adb     : transport.cpp:407 BlockingConnectionAdapter(localhost:5555): stopping
07-11 12:52:14.324 27933 27933 I adb     : transport.cpp:425 BlockingConnectionAdapter(localhost:5555): stopped
07-11 12:52:14.574 27933 27934 I adb     : transport.cpp:294 BlockingConnectionAdapter(localhost:5555): destructing
07-11 12:52:14.574 27933 27934 I adb     : transport.cpp:400 BlockingConnectionAdapter(localhost:5555): already stopped
07-11 12:52:14.574 27933 408379 I adb     : transport.cpp:335 localhost:5555: read thread spawning
07-11 12:52:14.574 27933 408380 I adb     : transport.cpp:307 localhost:5555: write thread spawning
07-11 12:52:14.574 27933 408380 I adb     : transport.cpp:1248 localhost:5555: connection terminated: write failed
07-11 12:52:14.574 27933 27933 I adb     : adb.cpp:172 localhost:5555: already offline
07-11 12:52:14.574 27933 27933 I adb     : transport.cpp:931 destroying transport localhost:5555
07-11 12:52:14.574 27933 27933 I adb     : transport.cpp:407 BlockingConnectionAdapter(localhost:5555): stopping
07-11 12:52:14.574 27933 408379 I adb     : transport.cpp:339 localhost:5555: read failed: Success
07-11 12:52:14.574 27933 27933 I adb     : transport.cpp:425 BlockingConnectionAdapter(localhost:5555): stopped
07-11 12:52:14.825 27933 27934 I adb     : transport.cpp:294 BlockingConnectionAdapter(localhost:5555): destructing
07-11 12:52:14.825 27933 27934 I adb     : transport.cpp:400 BlockingConnectionAdapter(localhost:5555): already stopped
07-11 12:52:14.825 27933 408384 I adb     : transport.cpp:335 localhost:5555: read thread spawning
07-11 12:52:14.825 27933 408385 I adb     : transport.cpp:307 localhost:5555: write thread spawning
07-11 12:52:14.825 27933 408384 I adb     : transport.cpp:339 localhost:5555: read failed: Connection reset by peer
07-11 12:52:14.825 27933 408384 I adb     : transport.cpp:1248 localhost:5555: connection terminated: read failed
07-11 12:52:14.825 27933 27933 I adb     : adb.cpp:172 localhost:5555: already offline
07-11 12:52:14.825 27933 27933 I adb     : transport.cpp:931 destroying transport localhost:5555
07-11 12:52:14.825 27933 27933 I adb     : transport.cpp:407 BlockingConnectionAdapter(localhost:5555): stopping
07-11 12:52:14.825 27933 27933 I adb     : transport.cpp:425 BlockingConnectionAdapter(localhost:5555): stopped
07-11 12:52:15.076 27933 27934 I adb     : transport.cpp:294 BlockingConnectionAdapter(localhost:5555): destructing
07-11 12:52:15.076 27933 27934 I adb     : transport.cpp:400 BlockingConnectionAdapter(localhost:5555): already stopped
07-11 12:52:15.076 27933 408386 I adb     : transport.cpp:335 localhost:5555: read thread spawning
07-11 12:52:15.076 27933 408386 I adb     : transport.cpp:339 localhost:5555: read failed: Success
07-11 12:52:15.076 27933 408386 I adb     : transport.cpp:1248 localhost:5555: connection terminated: read failed
07-11 12:52:15.076 27933 27933 I adb     : adb.cpp:172 localhost:5555: already offline
07-11 12:52:15.076 27933 27933 I adb     : transport.cpp:931 destroying transport localhost:5555
07-11 12:52:15.076 27933 27933 I adb     : transport.cpp:407 BlockingConnectionAdapter(localhost:5555): stopping
07-11 12:52:15.076 27933 408387 I adb     : transport.cpp:307 localhost:5555: write thread spawning
07-11 12:52:15.076 27933 27933 I adb     : transport.cpp:425 BlockingConnectionAdapter(localhost:5555): stopped
07-11 12:52:15.326 27933 27934 I adb     : transport.cpp:294 BlockingConnectionAdapter(localhost:5555): destructing
07-11 12:52:15.326 27933 27934 I adb     : transport.cpp:400 BlockingConnectionAdapter(localhost:5555): already stopped
07-11 12:52:15.326 27933 408389 I adb     : transport.cpp:335 localhost:5555: read thread spawning
07-11 12:52:15.326 27933 408390 I adb     : transport.cpp:307 localhost:5555: write thread spawning
07-11 12:52:15.327 27933 408389 I adb     : transport.cpp:339 localhost:5555: read failed: Connection reset by peer
07-11 12:52:15.327 27933 408389 I adb     : transport.cpp:1248 localhost:5555: connection terminated: read failed
07-11 12:52:15.327 27933 27933 I adb     : adb.cpp:172 localhost:5555: already offline
07-11 12:52:15.327 27933 27933 I adb     : transport.cpp:931 destroying transport localhost:5555
07-11 12:52:15.327 27933 27933 I adb     : transport.cpp:407 BlockingConnectionAdapter(localhost:5555): stopping
07-11 12:52:15.327 27933 27933 I adb     : transport.cpp:425 BlockingConnectionAdapter(localhost:5555): stopped
07-11 12:52:15.577 27933 27934 I adb     : transport.cpp:294 BlockingConnectionAdapter(localhost:5555): destructing
07-11 12:52:15.577 27933 27934 I adb     : transport.cpp:400 BlockingConnectionAdapter(localhost:5555): already stopped
07-11 12:52:15.577 27933 408417 I adb     : transport.cpp:335 localhost:5555: read thread spawning
07-11 12:52:15.578 27933 408418 I adb     : transport.cpp:307 localhost:5555: write thread spawning
07-11 12:52:15.593 27933 27933 I adb     : adb.cpp:172 localhost:5555: already offline
07-11 12:52:23.835 27933 409801 I adb     : transport.cpp:294 BlockingConnectionAdapter(<unknown>): destructing
07-11 12:52:23.835 27933 409801 I adb     : transport.cpp:395 BlockingConnectionAdapter(<unknown>): not started
07-11 13:00:50.903 27933 408417 I adb     : transport.cpp:339 localhost:5555: read failed: Success
07-11 13:00:50.903 27933 408417 I adb     : transport.cpp:1248 localhost:5555: connection terminated: read failed
07-11 13:00:50.904 27933 27933 I adb     : adb.cpp:176 localhost:5555: offline
07-11 13:00:50.904 27933 27933 I adb     : transport.cpp:931 destroying transport localhost:5555
07-11 13:00:50.904 27933 27933 I adb     : transport.cpp:407 BlockingConnectionAdapter(localhost:5555): stopping
07-11 13:00:50.904 27933 27933 I adb     : transport.cpp:425 BlockingConnectionAdapter(localhost:5555): stopped
07-11 13:00:51.154 27933 27934 I adb     : transport.cpp:294 BlockingConnectionAdapter(localhost:5555): destructing
07-11 13:00:51.155 27933 27934 I adb     : transport.cpp:400 BlockingConnectionAdapter(localhost:5555): already stopped
07-11 13:00:51.155 27933 412206 I adb     : transport.cpp:335 localhost:5555: read thread spawning
07-11 13:00:51.155 27933 412207 I adb     : transport.cpp:307 localhost:5555: write thread spawning
07-11 13:00:51.156 27933 27933 I adb     : adb.cpp:172 localhost:5555: already offline
07-11 13:02:31.630 27933 412206 I adb     : transport.cpp:339 localhost:5555: read failed: Success
07-11 13:02:31.630 27933 412206 I adb     : transport.cpp:1248 localhost:5555: connection terminated: read failed
07-11 13:02:31.630 27933 27933 I adb     : adb.cpp:176 localhost:5555: offline
07-11 13:02:31.630 27933 27933 I adb     : transport.cpp:931 destroying transport localhost:5555
07-11 13:02:31.630 27933 27933 I adb     : transport.cpp:407 BlockingConnectionAdapter(localhost:5555): stopping
07-11 13:02:31.631 27933 27933 I adb     : transport.cpp:425 BlockingConnectionAdapter(localhost:5555): stopped
07-11 13:02:37.882 27933 27934 I adb     : transport.cpp:294 BlockingConnectionAdapter(localhost:5555): destructing
07-11 13:02:37.882 27933 27934 I adb     : transport.cpp:400 BlockingConnectionAdapter(localhost:5555): already stopped
07-11 13:02:37.883 27933 413013 I adb     : transport.cpp:335 localhost:5555: read thread spawning
07-11 13:02:37.883 27933 413014 I adb     : transport.cpp:307 localhost:5555: write thread spawning
07-11 13:02:37.883 27933 413013 I adb     : transport.cpp:339 localhost:5555: read failed: Connection reset by peer
07-11 13:02:37.883 27933 413013 I adb     : transport.cpp:1248 localhost:5555: connection terminated: read failed
07-11 13:02:37.883 27933 27933 I adb     : adb.cpp:172 localhost:5555: already offline
07-11 13:02:37.883 27933 27933 I adb     : transport.cpp:931 destroying transport localhost:5555
07-11 13:02:37.883 27933 27933 I adb     : transport.cpp:407 BlockingConnectionAdapter(localhost:5555): stopping
07-11 13:02:37.883 27933 27933 I adb     : transport.cpp:425 BlockingConnectionAdapter(localhost:5555): stopped
07-11 13:02:38.133 27933 27934 I adb     : transport.cpp:294 BlockingConnectionAdapter(localhost:5555): destructing
07-11 13:02:38.133 27933 27934 I adb     : transport.cpp:400 BlockingConnectionAdapter(localhost:5555): already stopped
07-11 13:02:38.133 27933 413017 I adb     : transport.cpp:335 localhost:5555: read thread spawning
07-11 13:02:38.133 27933 413018 I adb     : transport.cpp:307 localhost:5555: write thread spawning
07-11 13:02:38.134 27933 413017 I adb     : transport.cpp:339 localhost:5555: read failed: Connection reset by peer
07-11 13:02:38.134 27933 413017 I adb     : transport.cpp:1248 localhost:5555: connection terminated: read failed
07-11 13:02:38.134 27933 27933 I adb     : adb.cpp:172 localhost:5555: already offline
07-11 13:02:38.134 27933 27933 I adb     : transport.cpp:931 destroying transport localhost:5555
07-11 13:02:38.134 27933 27933 I adb     : transport.cpp:407 BlockingConnectionAdapter(localhost:5555): stopping
07-11 13:02:38.134 27933 27933 I adb     : transport.cpp:425 BlockingConnectionAdapter(localhost:5555): stopped
07-11 13:02:38.384 27933 27934 I adb     : transport.cpp:294 BlockingConnectionAdapter(localhost:5555): destructing
07-11 13:02:38.384 27933 27934 I adb     : transport.cpp:400 BlockingConnectionAdapter(localhost:5555): already stopped
07-11 13:02:38.384 27933 413020 I adb     : transport.cpp:335 localhost:5555: read thread spawning
07-11 13:02:38.384 27933 413020 I adb     : transport.cpp:339 localhost:5555: read failed: Success
07-11 13:02:38.384 27933 413020 I adb     : transport.cpp:1248 localhost:5555: connection terminated: read failed
07-11 13:02:38.384 27933 413021 I adb     : transport.cpp:307 localhost:5555: write thread spawning
07-11 13:02:38.385 27933 27933 I adb     : adb.cpp:172 localhost:5555: already offline
07-11 13:02:38.385 27933 27933 I adb     : transport.cpp:931 destroying transport localhost:5555
07-11 13:02:38.385 27933 27933 I adb     : transport.cpp:407 BlockingConnectionAdapter(localhost:5555): stopping
07-11 13:02:38.385 27933 27933 I adb     : transport.cpp:425 BlockingConnectionAdapter(localhost:5555): stopped
07-11 13:02:38.635 27933 27934 I adb     : transport.cpp:294 BlockingConnectionAdapter(localhost:5555): destructing
07-11 13:02:38.635 27933 27934 I adb     : transport.cpp:400 BlockingConnectionAdapter(localhost:5555): already stopped
07-11 13:02:38.635 27933 413023 I adb     : transport.cpp:335 localhost:5555: read thread spawning
07-11 13:02:38.635 27933 413024 I adb     : transport.cpp:307 localhost:5555: write thread spawning
07-11 13:02:38.635 27933 413023 I adb     : transport.cpp:339 localhost:5555: read failed: Connection reset by peer
07-11 13:02:38.635 27933 413023 I adb     : transport.cpp:1248 localhost:5555: connection terminated: read failed
07-11 13:02:38.635 27933 27933 I adb     : adb.cpp:172 localhost:5555: already offline
07-11 13:02:38.635 27933 27933 I adb     : transport.cpp:931 destroying transport localhost:5555
07-11 13:02:38.635 27933 27933 I adb     : transport.cpp:407 BlockingConnectionAdapter(localhost:5555): stopping
07-11 13:02:38.635 27933 27933 I adb     : transport.cpp:425 BlockingConnectionAdapter(localhost:5555): stopped
07-11 13:02:38.886 27933 27934 I adb     : transport.cpp:294 BlockingConnectionAdapter(localhost:5555): destructing
07-11 13:02:38.886 27933 27934 I adb     : transport.cpp:400 BlockingConnectionAdapter(localhost:5555): already stopped
07-11 13:02:38.886 27933 413029 I adb     : transport.cpp:335 localhost:5555: read thread spawning
07-11 13:02:38.886 27933 413030 I adb     : transport.cpp:307 localhost:5555: write thread spawning
07-11 13:02:38.886 27933 413029 I adb     : transport.cpp:339 localhost:5555: read failed: Connection reset by peer
07-11 13:02:38.886 27933 413029 I adb     : transport.cpp:1248 localhost:5555: connection terminated: read failed
07-11 13:02:38.886 27933 27933 I adb     : adb.cpp:172 localhost:5555: already offline
07-11 13:02:38.886 27933 27933 I adb     : transport.cpp:931 destroying transport localhost:5555
07-11 13:02:38.886 27933 27933 I adb     : transport.cpp:407 BlockingConnectionAdapter(localhost:5555): stopping
07-11 13:02:38.886 27933 27933 I adb     : transport.cpp:425 BlockingConnectionAdapter(localhost:5555): stopped
07-11 13:02:39.137 27933 27934 I adb     : transport.cpp:294 BlockingConnectionAdapter(localhost:5555): destructing
07-11 13:02:39.137 27933 27934 I adb     : transport.cpp:400 BlockingConnectionAdapter(localhost:5555): already stopped
07-11 13:02:39.137 27933 413031 I adb     : transport.cpp:335 localhost:5555: read thread spawning
07-11 13:02:39.137 27933 413032 I adb     : transport.cpp:307 localhost:5555: write thread spawning
07-11 13:02:39.137 27933 413031 I adb     : transport.cpp:339 localhost:5555: read failed: Connection reset by peer
07-11 13:02:39.137 27933 413031 I adb     : transport.cpp:1248 localhost:5555: connection terminated: read failed
07-11 13:02:39.137 27933 27933 I adb     : adb.cpp:172 localhost:5555: already offline
07-11 13:02:39.137 27933 27933 I adb     : transport.cpp:931 destroying transport localhost:5555
07-11 13:02:39.137 27933 27933 I adb     : transport.cpp:407 BlockingConnectionAdapter(localhost:5555): stopping
07-11 13:02:39.137 27933 27933 I adb     : transport.cpp:425 BlockingConnectionAdapter(localhost:5555): stopped
07-11 13:02:39.387 27933 27934 I adb     : transport.cpp:294 BlockingConnectionAdapter(localhost:5555): destructing
07-11 13:02:39.387 27933 27934 I adb     : transport.cpp:400 BlockingConnectionAdapter(localhost:5555): already stopped
07-11 13:02:39.388 27933 413033 I adb     : transport.cpp:335 localhost:5555: read thread spawning
07-11 13:02:39.388 27933 413033 I adb     : transport.cpp:339 localhost:5555: read failed: Success
07-11 13:02:39.388 27933 413034 I adb     : transport.cpp:307 localhost:5555: write thread spawning
07-11 13:02:39.388 27933 413033 I adb     : transport.cpp:1248 localhost:5555: connection terminated: read failed
07-11 13:02:39.388 27933 27933 I adb     : adb.cpp:172 localhost:5555: already offline
07-11 13:02:39.388 27933 27933 I adb     : transport.cpp:931 destroying transport localhost:5555
07-11 13:02:39.388 27933 27933 I adb     : transport.cpp:407 BlockingConnectionAdapter(localhost:5555): stopping
07-11 13:02:39.388 27933 27933 I adb     : transport.cpp:425 BlockingConnectionAdapter(localhost:5555): stopped
07-11 13:02:39.638 27933 27934 I adb     : transport.cpp:294 BlockingConnectionAdapter(localhost:5555): destructing
07-11 13:02:39.638 27933 27934 I adb     : transport.cpp:400 BlockingConnectionAdapter(localhost:5555): already stopped
07-11 13:02:39.638 27933 413039 I adb     : transport.cpp:335 localhost:5555: read thread spawning
07-11 13:02:39.638 27933 413040 I adb     : transport.cpp:307 localhost:5555: write thread spawning
07-11 13:02:39.638 27933 413039 I adb     : transport.cpp:339 localhost:5555: read failed: Success
07-11 13:02:39.638 27933 413039 I adb     : transport.cpp:1248 localhost:5555: connection terminated: read failed
07-11 13:02:39.639 27933 27933 I adb     : adb.cpp:172 localhost:5555: already offline
07-11 13:02:39.639 27933 27933 I adb     : transport.cpp:931 destroying transport localhost:5555
07-11 13:02:39.639 27933 27933 I adb     : transport.cpp:407 BlockingConnectionAdapter(localhost:5555): stopping
07-11 13:02:39.639 27933 27933 I adb     : transport.cpp:425 BlockingConnectionAdapter(localhost:5555): stopped
07-11 13:02:39.889 27933 27934 I adb     : transport.cpp:294 BlockingConnectionAdapter(localhost:5555): destructing
07-11 13:02:39.889 27933 27934 I adb     : transport.cpp:400 BlockingConnectionAdapter(localhost:5555): already stopped
07-11 13:02:39.889 27933 413041 I adb     : transport.cpp:335 localhost:5555: read thread spawning
07-11 13:02:39.889 27933 413041 I adb     : transport.cpp:339 localhost:5555: read failed: Success
07-11 13:02:39.889 27933 413041 I adb     : transport.cpp:1248 localhost:5555: connection terminated: read failed
07-11 13:02:39.889 27933 413042 I adb     : transport.cpp:307 localhost:5555: write thread spawning
07-11 13:02:39.889 27933 27933 I adb     : adb.cpp:172 localhost:5555: already offline
07-11 13:02:39.889 27933 27933 I adb     : transport.cpp:931 destroying transport localhost:5555
07-11 13:02:39.889 27933 27933 I adb     : transport.cpp:407 BlockingConnectionAdapter(localhost:5555): stopping
07-11 13:02:39.889 27933 27933 I adb     : transport.cpp:425 BlockingConnectionAdapter(localhost:5555): stopped
07-11 13:02:40.140 27933 27934 I adb     : transport.cpp:294 BlockingConnectionAdapter(localhost:5555): destructing
07-11 13:02:40.140 27933 27934 I adb     : transport.cpp:400 BlockingConnectionAdapter(localhost:5555): already stopped
07-11 13:02:40.140 27933 413049 I adb     : transport.cpp:335 localhost:5555: read thread spawning
07-11 13:02:40.140 27933 413050 I adb     : transport.cpp:307 localhost:5555: write thread spawning
07-11 13:02:40.140 27933 413050 I adb     : transport.cpp:1248 localhost:5555: connection terminated: write failed
07-11 13:02:40.140 27933 27933 I adb     : adb.cpp:172 localhost:5555: already offline
07-11 13:02:40.140 27933 413049 I adb     : transport.cpp:339 localhost:5555: read failed: Success
07-11 13:02:40.140 27933 27933 I adb     : transport.cpp:931 destroying transport localhost:5555
07-11 13:02:40.140 27933 27933 I adb     : transport.cpp:407 BlockingConnectionAdapter(localhost:5555): stopping
07-11 13:02:40.140 27933 27933 I adb     : transport.cpp:425 BlockingConnectionAdapter(localhost:5555): stopped
07-11 13:02:40.390 27933 27934 I adb     : transport.cpp:294 BlockingConnectionAdapter(localhost:5555): destructing
07-11 13:02:40.390 27933 27934 I adb     : transport.cpp:400 BlockingConnectionAdapter(localhost:5555): already stopped
07-11 13:02:40.391 27933 413051 I adb     : transport.cpp:335 localhost:5555: read thread spawning
07-11 13:02:40.391 27933 413051 I adb     : transport.cpp:339 localhost:5555: read failed: Success
07-11 13:02:40.391 27933 413051 I adb     : transport.cpp:1248 localhost:5555: connection terminated: read failed
07-11 13:02:40.391 27933 27933 I adb     : adb.cpp:172 localhost:5555: already offline
07-11 13:02:40.391 27933 27933 I adb     : transport.cpp:931 destroying transport localhost:5555
07-11 13:02:40.391 27933 27933 I adb     : transport.cpp:407 BlockingConnectionAdapter(localhost:5555): stopping
07-11 13:02:40.391 27933 413052 I adb     : transport.cpp:307 localhost:5555: write thread spawning
07-11 13:02:40.391 27933 27933 I adb     : transport.cpp:425 BlockingConnectionAdapter(localhost:5555): stopped
07-11 13:02:40.641 27933 27934 I adb     : transport.cpp:294 BlockingConnectionAdapter(localhost:5555): destructing
07-11 13:02:40.641 27933 27934 I adb     : transport.cpp:400 BlockingConnectionAdapter(localhost:5555): already stopped
07-11 13:02:40.642 27933 413102 I adb     : transport.cpp:307 localhost:5555: write thread spawning
07-11 13:02:40.642 27933 413102 I adb     : transport.cpp:1248 localhost:5555: connection terminated: write failed
07-11 13:02:40.642 27933 27933 I adb     : adb.cpp:172 localhost:5555: already offline
07-11 13:02:40.642 27933 27933 I adb     : transport.cpp:931 destroying transport localhost:5555
07-11 13:02:40.642 27933 27933 I adb     : transport.cpp:407 BlockingConnectionAdapter(localhost:5555): stopping
07-11 13:02:40.642 27933 413101 I adb     : transport.cpp:335 localhost:5555: read thread spawning
07-11 13:02:40.642 27933 413101 I adb     : transport.cpp:339 localhost:5555: read failed: Bad file descriptor
07-11 13:02:40.642 27933 27933 I adb     : transport.cpp:425 BlockingConnectionAdapter(localhost:5555): stopped
07-11 13:02:40.892 27933 27934 I adb     : transport.cpp:294 BlockingConnectionAdapter(localhost:5555): destructing
07-11 13:02:40.892 27933 27934 I adb     : transport.cpp:400 BlockingConnectionAdapter(localhost:5555): already stopped
07-11 13:02:40.892 27933 413116 I adb     : transport.cpp:335 localhost:5555: read thread spawning
07-11 13:02:40.893 27933 413117 I adb     : transport.cpp:307 localhost:5555: write thread spawning
07-11 13:02:40.893 27933 413117 I adb     : transport.cpp:1248 localhost:5555: connection terminated: write failed
07-11 13:02:40.893 27933 413116 I adb     : transport.cpp:339 localhost:5555: read failed: Success
07-11 13:02:40.893 27933 27933 I adb     : adb.cpp:172 localhost:5555: already offline
07-11 13:02:40.893 27933 27933 I adb     : transport.cpp:931 destroying transport localhost:5555
07-11 13:02:40.893 27933 27933 I adb     : transport.cpp:407 BlockingConnectionAdapter(localhost:5555): stopping
07-11 13:02:40.893 27933 27933 I adb     : transport.cpp:425 BlockingConnectionAdapter(localhost:5555): stopped
07-11 13:02:41.143 27933 27934 I adb     : transport.cpp:294 BlockingConnectionAdapter(localhost:5555): destructing
07-11 13:02:41.143 27933 27934 I adb     : transport.cpp:400 BlockingConnectionAdapter(localhost:5555): already stopped
07-11 13:02:41.143 27933 413118 I adb     : transport.cpp:335 localhost:5555: read thread spawning
07-11 13:02:41.143 27933 413118 I adb     : transport.cpp:339 localhost:5555: read failed: Success
07-11 13:02:41.143 27933 413118 I adb     : transport.cpp:1248 localhost:5555: connection terminated: read failed
07-11 13:02:41.143 27933 413119 I adb     : transport.cpp:307 localhost:5555: write thread spawning
07-11 13:02:41.143 27933 27933 I adb     : adb.cpp:172 localhost:5555: already offline
07-11 13:02:41.143 27933 27933 I adb     : transport.cpp:931 destroying transport localhost:5555
07-11 13:02:41.143 27933 27933 I adb     : transport.cpp:407 BlockingConnectionAdapter(localhost:5555): stopping
07-11 13:02:41.144 27933 27933 I adb     : transport.cpp:425 BlockingConnectionAdapter(localhost:5555): stopped
07-11 13:02:41.394 27933 27934 I adb     : transport.cpp:294 BlockingConnectionAdapter(localhost:5555): destructing
07-11 13:02:41.394 27933 27934 I adb     : transport.cpp:400 BlockingConnectionAdapter(localhost:5555): already stopped
07-11 13:02:41.394 27933 413120 I adb     : transport.cpp:335 localhost:5555: read thread spawning
07-11 13:02:41.394 27933 413121 I adb     : transport.cpp:307 localhost:5555: write thread spawning
07-11 13:02:41.394 27933 413120 I adb     : transport.cpp:339 localhost:5555: read failed: Connection reset by peer
07-11 13:02:41.394 27933 413120 I adb     : transport.cpp:1248 localhost:5555: connection terminated: read failed
07-11 13:02:41.394 27933 27933 I adb     : adb.cpp:172 localhost:5555: already offline
07-11 13:02:41.394 27933 27933 I adb     : transport.cpp:931 destroying transport localhost:5555
07-11 13:02:41.394 27933 27933 I adb     : transport.cpp:407 BlockingConnectionAdapter(localhost:5555): stopping
07-11 13:02:41.394 27933 27933 I adb     : transport.cpp:425 BlockingConnectionAdapter(localhost:5555): stopped
07-11 13:02:41.645 27933 27934 I adb     : transport.cpp:294 BlockingConnectionAdapter(localhost:5555): destructing
07-11 13:02:41.645 27933 27934 I adb     : transport.cpp:400 BlockingConnectionAdapter(localhost:5555): already stopped
07-11 13:02:41.645 27933 413123 I adb     : transport.cpp:335 localhost:5555: read thread spawning
07-11 13:02:41.645 27933 413124 I adb     : transport.cpp:307 localhost:5555: write thread spawning
07-11 13:02:41.645 27933 413123 I adb     : transport.cpp:339 localhost:5555: read failed: Success
07-11 13:02:41.645 27933 413123 I adb     : transport.cpp:1248 localhost:5555: connection terminated: read failed
07-11 13:02:41.645 27933 27933 I adb     : adb.cpp:172 localhost:5555: already offline
07-11 13:02:41.645 27933 27933 I adb     : transport.cpp:931 destroying transport localhost:5555
07-11 13:02:41.645 27933 27933 I adb     : transport.cpp:407 BlockingConnectionAdapter(localhost:5555): stopping
07-11 13:02:41.645 27933 27933 I adb     : transport.cpp:425 BlockingConnectionAdapter(localhost:5555): stopped
07-11 13:02:41.895 27933 27934 I adb     : transport.cpp:294 BlockingConnectionAdapter(localhost:5555): destructing
07-11 13:02:41.895 27933 27934 I adb     : transport.cpp:400 BlockingConnectionAdapter(localhost:5555): already stopped
07-11 13:02:41.895 27933 413139 I adb     : transport.cpp:335 localhost:5555: read thread spawning
07-11 13:02:41.896 27933 413140 I adb     : transport.cpp:307 localhost:5555: write thread spawning
07-11 13:02:41.896 27933 27933 I adb     : adb.cpp:172 localhost:5555: already offline
07-11 13:03:05.155 27933 27933 I adb     : transport.cpp:1155 kicking transport 0xf946d8000de0 localhost:5555
07-11 13:03:05.155 27933 27933 I adb     : transport.cpp:407 BlockingConnectionAdapter(localhost:5555): stopping
07-11 13:03:05.155 27933 413139 I adb     : transport.cpp:339 localhost:5555: read failed: Success
07-11 13:03:05.155 27933 413139 I adb     : transport.cpp:1248 localhost:5555: connection terminated: read failed
07-11 13:03:05.155 27933 27933 I adb     : transport.cpp:425 BlockingConnectionAdapter(localhost:5555): stopped
07-11 13:03:05.155 27933 27933 I adb     : adb.cpp:176 localhost:5555: offline
07-11 13:03:05.155 27933 27933 I adb     : transport.cpp:931 destroying transport localhost:5555
07-11 13:03:05.155 27933 27933 I adb     : transport.cpp:400 BlockingConnectionAdapter(localhost:5555): already stopped
07-11 13:03:05.155 27933 27933 I adb     : transport.cpp:294 BlockingConnectionAdapter(localhost:5555): destructing
07-11 13:03:05.155 27933 27933 I adb     : transport.cpp:400 BlockingConnectionAdapter(localhost:5555): already stopped
07-11 13:03:05.161 27933 414493 I adb     : transport.cpp:335 localhost:5555: read thread spawning
07-11 13:03:05.161 27933 414494 I adb     : transport.cpp:307 localhost:5555: write thread spawning
07-11 13:03:05.162 27933 27933 I adb     : adb.cpp:172 localhost:5555: already offline
07-11 13:04:38.373 27933 414493 I adb     : transport.cpp:339 localhost:5555: read failed: Success
07-11 13:04:38.373 27933 414493 I adb     : transport.cpp:1248 localhost:5555: connection terminated: read failed
07-11 13:04:38.373 27933 27933 I adb     : adb.cpp:176 localhost:5555: offline
07-11 13:04:38.373 27933 27933 I adb     : transport.cpp:931 destroying transport localhost:5555
07-11 13:04:38.373 27933 27933 I adb     : transport.cpp:407 BlockingConnectionAdapter(localhost:5555): stopping
07-11 13:04:38.373 27933 27933 I adb     : transport.cpp:425 BlockingConnectionAdapter(localhost:5555): stopped
07-11 13:04:38.624 27933 27934 I adb     : transport.cpp:294 BlockingConnectionAdapter(localhost:5555): destructing
07-11 13:04:38.624 27933 27934 I adb     : transport.cpp:400 BlockingConnectionAdapter(localhost:5555): already stopped
07-11 13:04:38.624 27933 415096 I adb     : transport.cpp:335 localhost:5555: read thread spawning
07-11 13:04:38.624 27933 415097 I adb     : transport.cpp:307 localhost:5555: write thread spawning
07-11 13:04:38.625 27933 27933 I adb     : adb.cpp:172 localhost:5555: already offline
07-11 13:07:10.699 27933 415096 I adb     : transport.cpp:339 localhost:5555: read failed: Success
07-11 13:07:10.699 27933 415096 I adb     : transport.cpp:1248 localhost:5555: connection terminated: read failed
07-11 13:07:10.699 27933 27933 I adb     : adb.cpp:176 localhost:5555: offline
07-11 13:07:10.699 27933 27933 I adb     : transport.cpp:931 destroying transport localhost:5555
07-11 13:07:10.699 27933 27933 I adb     : transport.cpp:407 BlockingConnectionAdapter(localhost:5555): stopping
07-11 13:07:10.699 27933 27933 I adb     : transport.cpp:425 BlockingConnectionAdapter(localhost:5555): stopped
07-11 13:07:13.949 27933 27934 I adb     : transport.cpp:294 BlockingConnectionAdapter(localhost:5555): destructing
