07-11 13:34:50.593 27933 428466 I adb     : transport.cpp:339 localhost:5555: read failed: Connection reset by peer
07-11 13:34:50.593 27933 428466 I adb     : transport.cpp:1248 localhost:5555: connection terminated: read failed
07-11 13:34:50.593 27933 27933 I adb     : adb.cpp:172 localhost:5555: already offline
07-11 13:34:50.593 27933 27933 I adb     : transport.cpp:931 destroying transport localhost:5555
07-11 13:34:50.593 27933 27933 I adb     : transport.cpp:407 BlockingConnectionAdapter(localhost:5555): stopping
07-11 13:34:50.593 27933 27933 I adb     : transport.cpp:425 BlockingConnectionAdapter(localhost:5555): stopped
07-11 13:34:50.845 27933 27934 I adb     : transport.cpp:294 BlockingConnectionAdapter(localhost:5555): destructing
07-11 13:34:50.845 27933 27934 I adb     : transport.cpp:400 BlockingConnectionAdapter(localhost:5555): already stopped
07-11 13:34:50.845 27933 428469 I adb     : transport.cpp:335 localhost:5555: read thread spawning
07-11 13:34:50.845 27933 428469 I adb     : transport.cpp:339 localhost:5555: read failed: Success
07-11 13:34:50.845 27933 428469 I adb     : transport.cpp:1248 localhost:5555: connection terminated: read failed
07-11 13:34:50.845 27933 428470 I adb     : transport.cpp:307 localhost:5555: write thread spawning
07-11 13:34:50.845 27933 27933 I adb     : adb.cpp:172 localhost:5555: already offline
07-11 13:34:50.845 27933 27933 I adb     : transport.cpp:931 destroying transport localhost:5555
07-11 13:34:50.845 27933 27933 I adb     : transport.cpp:407 BlockingConnectionAdapter(localhost:5555): stopping
07-11 13:34:50.845 27933 27933 I adb     : transport.cpp:425 BlockingConnectionAdapter(localhost:5555): stopped
07-11 13:34:51.095 27933 27934 I adb     : transport.cpp:294 BlockingConnectionAdapter(localhost:5555): destructing
07-11 13:34:51.095 27933 27934 I adb     : transport.cpp:400 BlockingConnectionAdapter(localhost:5555): already stopped
07-11 13:34:51.096 27933 428473 I adb     : transport.cpp:335 localhost:5555: read thread spawning
07-11 13:34:51.096 27933 428474 I adb     : transport.cpp:307 localhost:5555: write thread spawning
07-11 13:34:51.096 27933 428474 I adb     : transport.cpp:1248 localhost:5555: connection terminated: write failed
07-11 13:34:51.096 27933 428473 I adb     : transport.cpp:339 localhost:5555: read failed: Success
07-11 13:34:51.096 27933 27933 I adb     : adb.cpp:172 localhost:5555: already offline
07-11 13:34:51.096 27933 27933 I adb     : transport.cpp:931 destroying transport localhost:5555
07-11 13:34:51.096 27933 27933 I adb     : transport.cpp:407 BlockingConnectionAdapter(localhost:5555): stopping
07-11 13:34:51.096 27933 27933 I adb     : transport.cpp:425 BlockingConnectionAdapter(localhost:5555): stopped
07-11 13:34:51.346 27933 27934 I adb     : transport.cpp:294 BlockingConnectionAdapter(localhost:5555): destructing
07-11 13:34:51.346 27933 27934 I adb     : transport.cpp:400 BlockingConnectionAdapter(localhost:5555): already stopped
07-11 13:34:51.346 27933 428476 I adb     : transport.cpp:335 localhost:5555: read thread spawning
07-11 13:34:51.346 27933 428477 I adb     : transport.cpp:307 localhost:5555: write thread spawning
07-11 13:34:51.347 27933 428476 I adb     : transport.cpp:339 localhost:5555: read failed: Connection reset by peer
07-11 13:34:51.347 27933 428476 I adb     : transport.cpp:1248 localhost:5555: connection terminated: read failed
07-11 13:34:51.347 27933 27933 I adb     : adb.cpp:172 localhost:5555: already offline
07-11 13:34:51.347 27933 27933 I adb     : transport.cpp:931 destroying transport localhost:5555
07-11 13:34:51.347 27933 27933 I adb     : transport.cpp:407 BlockingConnectionAdapter(localhost:5555): stopping
07-11 13:34:51.347 27933 27933 I adb     : transport.cpp:425 BlockingConnectionAdapter(localhost:5555): stopped
07-11 13:34:51.598 27933 27934 I adb     : transport.cpp:294 BlockingConnectionAdapter(localhost:5555): destructing
07-11 13:34:51.598 27933 27934 I adb     : transport.cpp:400 BlockingConnectionAdapter(localhost:5555): already stopped
07-11 13:34:51.598 27933 428537 I adb     : transport.cpp:335 localhost:5555: read thread spawning
07-11 13:34:51.598 27933 428538 I adb     : transport.cpp:307 localhost:5555: write thread spawning
07-11 13:34:51.598 27933 428537 I adb     : transport.cpp:339 localhost:5555: read failed: Connection reset by peer
07-11 13:34:51.598 27933 428537 I adb     : transport.cpp:1248 localhost:5555: connection terminated: read failed
07-11 13:34:51.598 27933 27933 I adb     : adb.cpp:172 localhost:5555: already offline
07-11 13:34:51.598 27933 27933 I adb     : transport.cpp:931 destroying transport localhost:5555
07-11 13:34:51.598 27933 27933 I adb     : transport.cpp:407 BlockingConnectionAdapter(localhost:5555): stopping
07-11 13:34:51.598 27933 27933 I adb     : transport.cpp:425 BlockingConnectionAdapter(localhost:5555): stopped
07-11 13:34:51.848 27933 27934 I adb     : transport.cpp:294 BlockingConnectionAdapter(localhost:5555): destructing
07-11 13:34:51.848 27933 27934 I adb     : transport.cpp:400 BlockingConnectionAdapter(localhost:5555): already stopped
07-11 13:34:51.849 27933 428607 I adb     : transport.cpp:335 localhost:5555: read thread spawning
07-11 13:34:51.849 27933 428607 I adb     : transport.cpp:339 localhost:5555: read failed: Success
07-11 13:34:51.849 27933 428607 I adb     : transport.cpp:1248 localhost:5555: connection terminated: read failed
07-11 13:34:51.849 27933 428608 I adb     : transport.cpp:307 localhost:5555: write thread spawning
07-11 13:34:51.849 27933 27933 I adb     : adb.cpp:172 localhost:5555: already offline
07-11 13:34:51.849 27933 27933 I adb     : transport.cpp:931 destroying transport localhost:5555
07-11 13:34:51.849 27933 27933 I adb     : transport.cpp:407 BlockingConnectionAdapter(localhost:5555): stopping
07-11 13:34:51.849 27933 27933 I adb     : transport.cpp:425 BlockingConnectionAdapter(localhost:5555): stopped
07-11 13:34:52.099 27933 27934 I adb     : transport.cpp:294 BlockingConnectionAdapter(localhost:5555): destructing
07-11 13:34:52.099 27933 27934 I adb     : transport.cpp:400 BlockingConnectionAdapter(localhost:5555): already stopped
07-11 13:34:52.099 27933 428610 I adb     : transport.cpp:335 localhost:5555: read thread spawning
07-11 13:34:52.099 27933 428611 I adb     : transport.cpp:307 localhost:5555: write thread spawning
07-11 13:34:52.099 27933 428610 I adb     : transport.cpp:339 localhost:5555: read failed: Connection reset by peer
07-11 13:34:52.099 27933 428610 I adb     : transport.cpp:1248 localhost:5555: connection terminated: read failed
07-11 13:34:52.100 27933 27933 I adb     : adb.cpp:172 localhost:5555: already offline
07-11 13:34:52.100 27933 27933 I adb     : transport.cpp:931 destroying transport localhost:5555
07-11 13:34:52.100 27933 27933 I adb     : transport.cpp:407 BlockingConnectionAdapter(localhost:5555): stopping
07-11 13:34:52.100 27933 27933 I adb     : transport.cpp:425 BlockingConnectionAdapter(localhost:5555): stopped
07-11 13:34:52.350 27933 27934 I adb     : transport.cpp:294 BlockingConnectionAdapter(localhost:5555): destructing
07-11 13:34:52.350 27933 27934 I adb     : transport.cpp:400 BlockingConnectionAdapter(localhost:5555): already stopped
07-11 13:34:52.350 27933 428613 I adb     : transport.cpp:335 localhost:5555: read thread spawning
07-11 13:34:52.350 27933 428614 I adb     : transport.cpp:307 localhost:5555: write thread spawning
07-11 13:34:52.350 27933 428613 I adb     : transport.cpp:339 localhost:5555: read failed: Connection reset by peer
07-11 13:34:52.350 27933 428613 I adb     : transport.cpp:1248 localhost:5555: connection terminated: read failed
07-11 13:34:52.350 27933 27933 I adb     : adb.cpp:172 localhost:5555: already offline
07-11 13:34:52.350 27933 27933 I adb     : transport.cpp:931 destroying transport localhost:5555
07-11 13:34:52.350 27933 27933 I adb     : transport.cpp:407 BlockingConnectionAdapter(localhost:5555): stopping
07-11 13:34:52.351 27933 27933 I adb     : transport.cpp:425 BlockingConnectionAdapter(localhost:5555): stopped
07-11 13:34:52.601 27933 27934 I adb     : transport.cpp:294 BlockingConnectionAdapter(localhost:5555): destructing
07-11 13:34:52.601 27933 27934 I adb     : transport.cpp:400 BlockingConnectionAdapter(localhost:5555): already stopped
07-11 13:34:52.601 27933 428616 I adb     : transport.cpp:335 localhost:5555: read thread spawning
07-11 13:34:52.601 27933 428617 I adb     : transport.cpp:307 localhost:5555: write thread spawning
07-11 13:34:52.601 27933 428617 I adb     : transport.cpp:1248 localhost:5555: connection terminated: write failed
07-11 13:34:52.601 27933 27933 I adb     : adb.cpp:172 localhost:5555: already offline
07-11 13:34:52.601 27933 27933 I adb     : transport.cpp:931 destroying transport localhost:5555
07-11 13:34:52.601 27933 27933 I adb     : transport.cpp:407 BlockingConnectionAdapter(localhost:5555): stopping
07-11 13:34:52.601 27933 428616 I adb     : transport.cpp:339 localhost:5555: read failed: Success
07-11 13:34:52.601 27933 27933 I adb     : transport.cpp:425 BlockingConnectionAdapter(localhost:5555): stopped
07-11 13:34:52.852 27933 27934 I adb     : transport.cpp:294 BlockingConnectionAdapter(localhost:5555): destructing
07-11 13:34:52.852 27933 27934 I adb     : transport.cpp:400 BlockingConnectionAdapter(localhost:5555): already stopped
07-11 13:34:52.852 27933 428620 I adb     : transport.cpp:335 localhost:5555: read thread spawning
07-11 13:34:52.852 27933 428621 I adb     : transport.cpp:307 localhost:5555: write thread spawning
07-11 13:34:52.852 27933 428621 I adb     : transport.cpp:1248 localhost:5555: connection terminated: write failed
07-11 13:34:52.852 27933 428620 I adb     : transport.cpp:339 localhost:5555: read failed: Success
07-11 13:34:52.852 27933 27933 I adb     : adb.cpp:172 localhost:5555: already offline
07-11 13:34:52.852 27933 27933 I adb     : transport.cpp:931 destroying transport localhost:5555
07-11 13:34:52.852 27933 27933 I adb     : transport.cpp:407 BlockingConnectionAdapter(localhost:5555): stopping
07-11 13:34:52.852 27933 27933 I adb     : transport.cpp:425 BlockingConnectionAdapter(localhost:5555): stopped
07-11 13:34:53.102 27933 27934 I adb     : transport.cpp:294 BlockingConnectionAdapter(localhost:5555): destructing
07-11 13:34:53.102 27933 27934 I adb     : transport.cpp:400 BlockingConnectionAdapter(localhost:5555): already stopped
07-11 13:34:53.102 27933 428624 I adb     : transport.cpp:335 localhost:5555: read thread spawning
07-11 13:34:53.103 27933 428625 I adb     : transport.cpp:307 localhost:5555: write thread spawning
07-11 13:34:53.103 27933 428624 I adb     : transport.cpp:339 localhost:5555: read failed: Connection reset by peer
07-11 13:34:53.103 27933 428624 I adb     : transport.cpp:1248 localhost:5555: connection terminated: read failed
07-11 13:34:53.103 27933 27933 I adb     : adb.cpp:172 localhost:5555: already offline
07-11 13:34:53.103 27933 27933 I adb     : transport.cpp:931 destroying transport localhost:5555
07-11 13:34:53.103 27933 27933 I adb     : transport.cpp:407 BlockingConnectionAdapter(localhost:5555): stopping
07-11 13:34:53.103 27933 27933 I adb     : transport.cpp:425 BlockingConnectionAdapter(localhost:5555): stopped
07-11 13:34:53.353 27933 27934 I adb     : transport.cpp:294 BlockingConnectionAdapter(localhost:5555): destructing
07-11 13:34:53.353 27933 27934 I adb     : transport.cpp:400 BlockingConnectionAdapter(localhost:5555): already stopped
07-11 13:34:53.353 27933 428630 I adb     : transport.cpp:335 localhost:5555: read thread spawning
07-11 13:34:53.353 27933 428631 I adb     : transport.cpp:307 localhost:5555: write thread spawning
07-11 13:34:53.353 27933 428630 I adb     : transport.cpp:339 localhost:5555: read failed: Connection reset by peer
07-11 13:34:53.353 27933 428630 I adb     : transport.cpp:1248 localhost:5555: connection terminated: read failed
07-11 13:34:53.354 27933 27933 I adb     : adb.cpp:172 localhost:5555: already offline
07-11 13:34:53.354 27933 27933 I adb     : transport.cpp:931 destroying transport localhost:5555
07-11 13:34:53.354 27933 27933 I adb     : transport.cpp:407 BlockingConnectionAdapter(localhost:5555): stopping
07-11 13:34:53.354 27933 27933 I adb     : transport.cpp:425 BlockingConnectionAdapter(localhost:5555): stopped
07-11 13:34:53.604 27933 27934 I adb     : transport.cpp:294 BlockingConnectionAdapter(localhost:5555): destructing
07-11 13:34:53.604 27933 27934 I adb     : transport.cpp:400 BlockingConnectionAdapter(localhost:5555): already stopped
07-11 13:34:53.604 27933 428632 I adb     : transport.cpp:335 localhost:5555: read thread spawning
07-11 13:34:53.604 27933 428632 I adb     : transport.cpp:339 localhost:5555: read failed: Success
07-11 13:34:53.604 27933 428632 I adb     : transport.cpp:1248 localhost:5555: connection terminated: read failed
07-11 13:34:53.604 27933 428633 I adb     : transport.cpp:307 localhost:5555: write thread spawning
07-11 13:34:53.604 27933 27933 I adb     : adb.cpp:172 localhost:5555: already offline
07-11 13:34:53.604 27933 27933 I adb     : transport.cpp:931 destroying transport localhost:5555
07-11 13:34:53.604 27933 27933 I adb     : transport.cpp:407 BlockingConnectionAdapter(localhost:5555): stopping
07-11 13:34:53.604 27933 27933 I adb     : transport.cpp:425 BlockingConnectionAdapter(localhost:5555): stopped
07-11 13:34:53.855 27933 27934 I adb     : transport.cpp:294 BlockingConnectionAdapter(localhost:5555): destructing
07-11 13:34:53.855 27933 27934 I adb     : transport.cpp:400 BlockingConnectionAdapter(localhost:5555): already stopped
07-11 13:34:53.855 27933 428634 I adb     : transport.cpp:335 localhost:5555: read thread spawning
07-11 13:34:53.855 27933 428635 I adb     : transport.cpp:307 localhost:5555: write thread spawning
07-11 13:34:53.855 27933 428634 I adb     : transport.cpp:339 localhost:5555: read failed: Success
07-11 13:34:53.855 27933 428634 I adb     : transport.cpp:1248 localhost:5555: connection terminated: read failed
07-11 13:34:53.855 27933 27933 I adb     : adb.cpp:172 localhost:5555: already offline
07-11 13:34:53.855 27933 27933 I adb     : transport.cpp:931 destroying transport localhost:5555
07-11 13:34:53.855 27933 27933 I adb     : transport.cpp:407 BlockingConnectionAdapter(localhost:5555): stopping
07-11 13:34:53.855 27933 27933 I adb     : transport.cpp:425 BlockingConnectionAdapter(localhost:5555): stopped
07-11 13:34:54.105 27933 27934 I adb     : transport.cpp:294 BlockingConnectionAdapter(localhost:5555): destructing
07-11 13:34:54.106 27933 27934 I adb     : transport.cpp:400 BlockingConnectionAdapter(localhost:5555): already stopped
07-11 13:34:54.106 27933 428638 I adb     : transport.cpp:335 localhost:5555: read thread spawning
07-11 13:34:54.106 27933 428639 I adb     : transport.cpp:307 localhost:5555: write thread spawning
07-11 13:34:54.106 27933 428638 I adb     : transport.cpp:339 localhost:5555: read failed: Success
07-11 13:34:54.106 27933 428638 I adb     : transport.cpp:1248 localhost:5555: connection terminated: read failed
07-11 13:34:54.106 27933 27933 I adb     : adb.cpp:172 localhost:5555: already offline
07-11 13:34:54.106 27933 27933 I adb     : transport.cpp:931 destroying transport localhost:5555
07-11 13:34:54.106 27933 27933 I adb     : transport.cpp:407 BlockingConnectionAdapter(localhost:5555): stopping
07-11 13:34:54.106 27933 27933 I adb     : transport.cpp:425 BlockingConnectionAdapter(localhost:5555): stopped
07-11 13:34:54.356 27933 27934 I adb     : transport.cpp:294 BlockingConnectionAdapter(localhost:5555): destructing
07-11 13:34:54.356 27933 27934 I adb     : transport.cpp:400 BlockingConnectionAdapter(localhost:5555): already stopped
07-11 13:34:54.356 27933 428642 I adb     : transport.cpp:335 localhost:5555: read thread spawning
07-11 13:34:54.356 27933 428643 I adb     : transport.cpp:307 localhost:5555: write thread spawning
07-11 13:34:54.357 27933 428643 I adb     : transport.cpp:1248 localhost:5555: connection terminated: write failed
07-11 13:34:54.357 27933 27933 I adb     : adb.cpp:172 localhost:5555: already offline
07-11 13:34:54.357 27933 27933 I adb     : transport.cpp:931 destroying transport localhost:5555
07-11 13:34:54.357 27933 27933 I adb     : transport.cpp:407 BlockingConnectionAdapter(localhost:5555): stopping
07-11 13:34:54.357 27933 428642 I adb     : transport.cpp:339 localhost:5555: read failed: Success
07-11 13:34:54.357 27933 27933 I adb     : transport.cpp:425 BlockingConnectionAdapter(localhost:5555): stopped
07-11 13:34:54.608 27933 27934 I adb     : transport.cpp:294 BlockingConnectionAdapter(localhost:5555): destructing
07-11 13:34:54.608 27933 27934 I adb     : transport.cpp:400 BlockingConnectionAdapter(localhost:5555): already stopped
07-11 13:34:54.608 27933 428647 I adb     : transport.cpp:335 localhost:5555: read thread spawning
07-11 13:34:54.608 27933 428647 I adb     : transport.cpp:339 localhost:5555: read failed: Success
07-11 13:34:54.608 27933 428647 I adb     : transport.cpp:1248 localhost:5555: connection terminated: read failed
07-11 13:34:54.608 27933 428648 I adb     : transport.cpp:307 localhost:5555: write thread spawning
07-11 13:34:54.608 27933 27933 I adb     : adb.cpp:172 localhost:5555: already offline
07-11 13:34:54.608 27933 27933 I adb     : transport.cpp:931 destroying transport localhost:5555
07-11 13:34:54.608 27933 27933 I adb     : transport.cpp:407 BlockingConnectionAdapter(localhost:5555): stopping
07-11 13:34:54.608 27933 27933 I adb     : transport.cpp:425 BlockingConnectionAdapter(localhost:5555): stopped
07-11 13:34:54.858 27933 27934 I adb     : transport.cpp:294 BlockingConnectionAdapter(localhost:5555): destructing
07-11 13:34:54.858 27933 27934 I adb     : transport.cpp:400 BlockingConnectionAdapter(localhost:5555): already stopped
07-11 13:34:54.858 27933 428652 I adb     : transport.cpp:335 localhost:5555: read thread spawning
07-11 13:34:54.858 27933 428653 I adb     : transport.cpp:307 localhost:5555: write thread spawning
07-11 13:34:54.859 27933 428652 I adb     : transport.cpp:339 localhost:5555: read failed: Connection reset by peer
07-11 13:34:54.859 27933 428652 I adb     : transport.cpp:1248 localhost:5555: connection terminated: read failed
07-11 13:34:54.859 27933 27933 I adb     : adb.cpp:172 localhost:5555: already offline
07-11 13:34:54.859 27933 27933 I adb     : transport.cpp:931 destroying transport localhost:5555
07-11 13:34:54.859 27933 27933 I adb     : transport.cpp:407 BlockingConnectionAdapter(localhost:5555): stopping
07-11 13:34:54.859 27933 27933 I adb     : transport.cpp:425 BlockingConnectionAdapter(localhost:5555): stopped
07-11 13:34:55.109 27933 27934 I adb     : transport.cpp:294 BlockingConnectionAdapter(localhost:5555): destructing
07-11 13:34:55.109 27933 27934 I adb     : transport.cpp:400 BlockingConnectionAdapter(localhost:5555): already stopped
07-11 13:34:55.110 27933 428685 I adb     : transport.cpp:307 localhost:5555: write thread spawning
07-11 13:34:55.110 27933 428684 I adb     : transport.cpp:335 localhost:5555: read thread spawning
07-11 13:34:55.110 27933 428684 I adb     : transport.cpp:339 localhost:5555: read failed: Connection reset by peer
07-11 13:34:55.110 27933 428684 I adb     : transport.cpp:1248 localhost:5555: connection terminated: read failed
07-11 13:34:55.110 27933 27933 I adb     : adb.cpp:172 localhost:5555: already offline
07-11 13:34:55.110 27933 27933 I adb     : transport.cpp:931 destroying transport localhost:5555
07-11 13:34:55.110 27933 27933 I adb     : transport.cpp:407 BlockingConnectionAdapter(localhost:5555): stopping
07-11 13:34:55.110 27933 27933 I adb     : transport.cpp:425 BlockingConnectionAdapter(localhost:5555): stopped
07-11 13:34:55.360 27933 27934 I adb     : transport.cpp:294 BlockingConnectionAdapter(localhost:5555): destructing
07-11 13:34:55.360 27933 27934 I adb     : transport.cpp:400 BlockingConnectionAdapter(localhost:5555): already stopped
07-11 13:34:55.360 27933 428716 I adb     : transport.cpp:335 localhost:5555: read thread spawning
07-11 13:34:55.360 27933 428717 I adb     : transport.cpp:307 localhost:5555: write thread spawning
07-11 13:34:55.361 27933 428717 I adb     : transport.cpp:1248 localhost:5555: connection terminated: write failed
07-11 13:34:55.361 27933 27933 I adb     : adb.cpp:172 localhost:5555: already offline
07-11 13:34:55.361 27933 27933 I adb     : transport.cpp:931 destroying transport localhost:5555
07-11 13:34:55.361 27933 27933 I adb     : transport.cpp:407 BlockingConnectionAdapter(localhost:5555): stopping
07-11 13:34:55.361 27933 428716 I adb     : transport.cpp:339 localhost:5555: read failed: Success
07-11 13:34:55.361 27933 27933 I adb     : transport.cpp:425 BlockingConnectionAdapter(localhost:5555): stopped
07-11 13:34:55.611 27933 27934 I adb     : transport.cpp:294 BlockingConnectionAdapter(localhost:5555): destructing
07-11 13:34:55.611 27933 27934 I adb     : transport.cpp:400 BlockingConnectionAdapter(localhost:5555): already stopped
07-11 13:34:55.611 27933 428721 I adb     : transport.cpp:335 localhost:5555: read thread spawning
07-11 13:34:55.611 27933 428722 I adb     : transport.cpp:307 localhost:5555: write thread spawning
07-11 13:34:55.611 27933 428722 I adb     : transport.cpp:1248 localhost:5555: connection terminated: write failed
07-11 13:34:55.611 27933 428721 I adb     : transport.cpp:339 localhost:5555: read failed: Success
07-11 13:34:55.611 27933 27933 I adb     : adb.cpp:172 localhost:5555: already offline
07-11 13:34:55.611 27933 27933 I adb     : transport.cpp:931 destroying transport localhost:5555
07-11 13:34:55.611 27933 27933 I adb     : transport.cpp:407 BlockingConnectionAdapter(localhost:5555): stopping
07-11 13:34:55.611 27933 27933 I adb     : transport.cpp:425 BlockingConnectionAdapter(localhost:5555): stopped
07-11 13:34:55.862 27933 27934 I adb     : transport.cpp:294 BlockingConnectionAdapter(localhost:5555): destructing
07-11 13:34:55.862 27933 27934 I adb     : transport.cpp:400 BlockingConnectionAdapter(localhost:5555): already stopped
07-11 13:34:55.862 27933 428723 I adb     : transport.cpp:335 localhost:5555: read thread spawning
07-11 13:34:55.862 27933 428724 I adb     : transport.cpp:307 localhost:5555: write thread spawning
07-11 13:34:55.862 27933 428723 I adb     : transport.cpp:339 localhost:5555: read failed: Success
07-11 13:34:55.862 27933 428723 I adb     : transport.cpp:1248 localhost:5555: connection terminated: read failed
07-11 13:34:55.862 27933 27933 I adb     : adb.cpp:172 localhost:5555: already offline
07-11 13:34:55.862 27933 27933 I adb     : transport.cpp:931 destroying transport localhost:5555
07-11 13:34:55.862 27933 27933 I adb     : transport.cpp:407 BlockingConnectionAdapter(localhost:5555): stopping
07-11 13:34:55.862 27933 27933 I adb     : transport.cpp:425 BlockingConnectionAdapter(localhost:5555): stopped
07-11 13:34:56.112 27933 27934 I adb     : transport.cpp:294 BlockingConnectionAdapter(localhost:5555): destructing
07-11 13:34:56.112 27933 27934 I adb     : transport.cpp:400 BlockingConnectionAdapter(localhost:5555): already stopped
07-11 13:34:56.113 27933 428726 I adb     : transport.cpp:335 localhost:5555: read thread spawning
07-11 13:34:56.113 27933 428727 I adb     : transport.cpp:307 localhost:5555: write thread spawning
07-11 13:34:56.113 27933 428726 I adb     : transport.cpp:339 localhost:5555: read failed: Connection reset by peer
07-11 13:34:56.113 27933 428726 I adb     : transport.cpp:1248 localhost:5555: connection terminated: read failed
07-11 13:34:56.113 27933 27933 I adb     : adb.cpp:172 localhost:5555: already offline
07-11 13:34:56.113 27933 27933 I adb     : transport.cpp:931 destroying transport localhost:5555
07-11 13:34:56.113 27933 27933 I adb     : transport.cpp:407 BlockingConnectionAdapter(localhost:5555): stopping
07-11 13:34:56.113 27933 27933 I adb     : transport.cpp:425 BlockingConnectionAdapter(localhost:5555): stopped
07-11 13:34:56.363 27933 27934 I adb     : transport.cpp:294 BlockingConnectionAdapter(localhost:5555): destructing
07-11 13:34:56.363 27933 27934 I adb     : transport.cpp:400 BlockingConnectionAdapter(localhost:5555): already stopped
07-11 13:34:56.363 27933 428742 I adb     : transport.cpp:335 localhost:5555: read thread spawning
07-11 13:34:56.363 27933 428743 I adb     : transport.cpp:307 localhost:5555: write thread spawning
07-11 13:34:56.364 27933 27933 I adb     : adb.cpp:172 localhost:5555: already offline
07-11 13:35:39.693 27933 27933 I adb     : transport.cpp:1155 kicking transport 0xf946c8002340 localhost:5555
07-11 13:35:39.693 27933 27933 I adb     : transport.cpp:407 BlockingConnectionAdapter(localhost:5555): stopping
07-11 13:35:39.693 27933 428742 I adb     : transport.cpp:339 localhost:5555: read failed: Success
07-11 13:35:39.693 27933 428742 I adb     : transport.cpp:1248 localhost:5555: connection terminated: read failed
07-11 13:35:39.694 27933 27933 I adb     : transport.cpp:425 BlockingConnectionAdapter(localhost:5555): stopped
07-11 13:35:39.694 27933 27933 I adb     : adb.cpp:176 localhost:5555: offline
07-11 13:35:39.694 27933 27933 I adb     : transport.cpp:931 destroying transport localhost:5555
07-11 13:35:39.694 27933 27933 I adb     : transport.cpp:400 BlockingConnectionAdapter(localhost:5555): already stopped
07-11 13:35:39.694 27933 27933 I adb     : transport.cpp:294 BlockingConnectionAdapter(localhost:5555): destructing
07-11 13:35:39.694 27933 27933 I adb     : transport.cpp:400 BlockingConnectionAdapter(localhost:5555): already stopped
07-11 13:35:39.700 27933 430316 I adb     : transport.cpp:335 localhost:5555: read thread spawning
07-11 13:35:39.700 27933 430317 I adb     : transport.cpp:307 localhost:5555: write thread spawning
07-11 13:35:39.701 27933 27933 I adb     : adb.cpp:172 localhost:5555: already offline
07-11 13:36:43.340 27933 430316 I adb     : transport.cpp:339 localhost:5555: read failed: Success
07-11 13:36:43.340 27933 430316 I adb     : transport.cpp:1248 localhost:5555: connection terminated: read failed
07-11 13:36:43.340 27933 27933 I adb     : adb.cpp:176 localhost:5555: offline
07-11 13:36:43.340 27933 27933 I adb     : transport.cpp:931 destroying transport localhost:5555
07-11 13:36:43.340 27933 27933 I adb     : transport.cpp:407 BlockingConnectionAdapter(localhost:5555): stopping
07-11 13:36:43.340 27933 27933 I adb     : transport.cpp:425 BlockingConnectionAdapter(localhost:5555): stopped
07-11 13:36:52.591 27933 27934 I adb     : transport.cpp:294 BlockingConnectionAdapter(localhost:5555): destructing
07-11 13:36:52.591 27933 27934 I adb     : transport.cpp:400 BlockingConnectionAdapter(localhost:5555): already stopped
07-11 13:36:52.591 27933 430745 I adb     : transport.cpp:335 localhost:5555: read thread spawning
07-11 13:36:52.591 27933 430746 I adb     : transport.cpp:307 localhost:5555: write thread spawning
07-11 13:36:52.592 27933 430745 I adb     : transport.cpp:339 localhost:5555: read failed: Connection reset by peer
07-11 13:36:52.592 27933 430745 I adb     : transport.cpp:1248 localhost:5555: connection terminated: read failed
07-11 13:36:52.592 27933 27933 I adb     : adb.cpp:172 localhost:5555: already offline
07-11 13:36:52.592 27933 27933 I adb     : transport.cpp:931 destroying transport localhost:5555
07-11 13:36:52.592 27933 27933 I adb     : transport.cpp:407 BlockingConnectionAdapter(localhost:5555): stopping
07-11 13:36:52.592 27933 27933 I adb     : transport.cpp:425 BlockingConnectionAdapter(localhost:5555): stopped
07-11 13:36:52.842 27933 27934 I adb     : transport.cpp:294 BlockingConnectionAdapter(localhost:5555): destructing
07-11 13:36:52.842 27933 27934 I adb     : transport.cpp:400 BlockingConnectionAdapter(localhost:5555): already stopped
07-11 13:36:52.842 27933 430748 I adb     : transport.cpp:335 localhost:5555: read thread spawning
07-11 13:36:52.842 27933 430749 I adb     : transport.cpp:307 localhost:5555: write thread spawning
07-11 13:36:52.842 27933 430748 I adb     : transport.cpp:339 localhost:5555: read failed: Connection reset by peer
07-11 13:36:52.842 27933 430748 I adb     : transport.cpp:1248 localhost:5555: connection terminated: read failed
07-11 13:36:52.842 27933 27933 I adb     : adb.cpp:172 localhost:5555: already offline
07-11 13:36:52.843 27933 27933 I adb     : transport.cpp:931 destroying transport localhost:5555
07-11 13:36:52.843 27933 27933 I adb     : transport.cpp:407 BlockingConnectionAdapter(localhost:5555): stopping
07-11 13:36:52.843 27933 27933 I adb     : transport.cpp:425 BlockingConnectionAdapter(localhost:5555): stopped
07-11 13:36:53.093 27933 27934 I adb     : transport.cpp:294 BlockingConnectionAdapter(localhost:5555): destructing
07-11 13:36:53.093 27933 27934 I adb     : transport.cpp:400 BlockingConnectionAdapter(localhost:5555): already stopped
07-11 13:36:53.093 27933 430751 I adb     : transport.cpp:335 localhost:5555: read thread spawning
07-11 13:36:53.093 27933 430752 I adb     : transport.cpp:307 localhost:5555: write thread spawning
07-11 13:36:53.093 27933 430751 I adb     : transport.cpp:339 localhost:5555: read failed: Connection reset by peer
07-11 13:36:53.093 27933 430751 I adb     : transport.cpp:1248 localhost:5555: connection terminated: read failed
07-11 13:36:53.093 27933 27933 I adb     : adb.cpp:172 localhost:5555: already offline
07-11 13:36:53.093 27933 27933 I adb     : transport.cpp:931 destroying transport localhost:5555
07-11 13:36:53.093 27933 27933 I adb     : transport.cpp:407 BlockingConnectionAdapter(localhost:5555): stopping
07-11 13:36:53.093 27933 27933 I adb     : transport.cpp:425 BlockingConnectionAdapter(localhost:5555): stopped
07-11 13:36:53.344 27933 27934 I adb     : transport.cpp:294 BlockingConnectionAdapter(localhost:5555): destructing
07-11 13:36:53.344 27933 27934 I adb     : transport.cpp:400 BlockingConnectionAdapter(localhost:5555): already stopped
07-11 13:36:53.344 27933 430755 I adb     : transport.cpp:335 localhost:5555: read thread spawning
07-11 13:36:53.344 27933 430756 I adb     : transport.cpp:307 localhost:5555: write thread spawning
07-11 13:36:53.344 27933 430756 I adb     : transport.cpp:1248 localhost:5555: connection terminated: write failed
07-11 13:36:53.344 27933 430755 I adb     : transport.cpp:339 localhost:5555: read failed: Success
07-11 13:36:53.344 27933 27933 I adb     : adb.cpp:172 localhost:5555: already offline
07-11 13:36:53.344 27933 27933 I adb     : transport.cpp:931 destroying transport localhost:5555
07-11 13:36:53.344 27933 27933 I adb     : transport.cpp:407 BlockingConnectionAdapter(localhost:5555): stopping
07-11 13:36:53.344 27933 27933 I adb     : transport.cpp:425 BlockingConnectionAdapter(localhost:5555): stopped
07-11 13:36:53.594 27933 27934 I adb     : transport.cpp:294 BlockingConnectionAdapter(localhost:5555): destructing
07-11 13:36:53.594 27933 27934 I adb     : transport.cpp:400 BlockingConnectionAdapter(localhost:5555): already stopped
07-11 13:36:53.594 27933 430758 I adb     : transport.cpp:335 localhost:5555: read thread spawning
07-11 13:36:53.595 27933 430759 I adb     : transport.cpp:307 localhost:5555: write thread spawning
07-11 13:36:53.595 27933 430758 I adb     : transport.cpp:339 localhost:5555: read failed: Connection reset by peer
07-11 13:36:53.595 27933 430758 I adb     : transport.cpp:1248 localhost:5555: connection terminated: read failed
07-11 13:36:53.595 27933 27933 I adb     : adb.cpp:172 localhost:5555: already offline
07-11 13:36:53.595 27933 27933 I adb     : transport.cpp:931 destroying transport localhost:5555
07-11 13:36:53.595 27933 27933 I adb     : transport.cpp:407 BlockingConnectionAdapter(localhost:5555): stopping
07-11 13:36:53.595 27933 27933 I adb     : transport.cpp:425 BlockingConnectionAdapter(localhost:5555): stopped
07-11 13:36:53.845 27933 27934 I adb     : transport.cpp:294 BlockingConnectionAdapter(localhost:5555): destructing
07-11 13:36:53.845 27933 27934 I adb     : transport.cpp:400 BlockingConnectionAdapter(localhost:5555): already stopped
07-11 13:36:53.845 27933 430819 I adb     : transport.cpp:307 localhost:5555: write thread spawning
07-11 13:36:53.845 27933 430818 I adb     : transport.cpp:335 localhost:5555: read thread spawning
07-11 13:36:53.846 27933 430818 I adb     : transport.cpp:339 localhost:5555: read failed: Connection reset by peer
07-11 13:36:53.846 27933 430818 I adb     : transport.cpp:1248 localhost:5555: connection terminated: read failed
07-11 13:36:53.846 27933 27933 I adb     : adb.cpp:172 localhost:5555: already offline
07-11 13:36:53.846 27933 27933 I adb     : transport.cpp:931 destroying transport localhost:5555
07-11 13:36:53.846 27933 27933 I adb     : transport.cpp:407 BlockingConnectionAdapter(localhost:5555): stopping
07-11 13:36:53.846 27933 27933 I adb     : transport.cpp:425 BlockingConnectionAdapter(localhost:5555): stopped
07-11 13:36:54.096 27933 27934 I adb     : transport.cpp:294 BlockingConnectionAdapter(localhost:5555): destructing
07-11 13:36:54.096 27933 27934 I adb     : transport.cpp:400 BlockingConnectionAdapter(localhost:5555): already stopped
07-11 13:36:54.096 27933 430888 I adb     : transport.cpp:335 localhost:5555: read thread spawning
07-11 13:36:54.096 27933 430889 I adb     : transport.cpp:307 localhost:5555: write thread spawning
07-11 13:36:54.097 27933 430888 I adb     : transport.cpp:339 localhost:5555: read failed: Connection reset by peer
07-11 13:36:54.097 27933 430888 I adb     : transport.cpp:1248 localhost:5555: connection terminated: read failed
07-11 13:36:54.097 27933 27933 I adb     : adb.cpp:172 localhost:5555: already offline
07-11 13:36:54.097 27933 27933 I adb     : transport.cpp:931 destroying transport localhost:5555
07-11 13:36:54.097 27933 27933 I adb     : transport.cpp:407 BlockingConnectionAdapter(localhost:5555): stopping
07-11 13:36:54.097 27933 27933 I adb     : transport.cpp:425 BlockingConnectionAdapter(localhost:5555): stopped
07-11 13:36:54.347 27933 27934 I adb     : transport.cpp:294 BlockingConnectionAdapter(localhost:5555): destructing
07-11 13:36:54.347 27933 27934 I adb     : transport.cpp:400 BlockingConnectionAdapter(localhost:5555): already stopped
07-11 13:36:54.347 27933 430891 I adb     : transport.cpp:335 localhost:5555: read thread spawning
07-11 13:36:54.347 27933 430892 I adb     : transport.cpp:307 localhost:5555: write thread spawning
07-11 13:36:54.347 27933 430891 I adb     : transport.cpp:339 localhost:5555: read failed: Success
07-11 13:36:54.347 27933 430891 I adb     : transport.cpp:1248 localhost:5555: connection terminated: read failed
07-11 13:36:54.347 27933 27933 I adb     : adb.cpp:172 localhost:5555: already offline
07-11 13:36:54.347 27933 27933 I adb     : transport.cpp:931 destroying transport localhost:5555
07-11 13:36:54.347 27933 27933 I adb     : transport.cpp:407 BlockingConnectionAdapter(localhost:5555): stopping
07-11 13:36:54.347 27933 27933 I adb     : transport.cpp:425 BlockingConnectionAdapter(localhost:5555): stopped
07-11 13:36:54.598 27933 27934 I adb     : transport.cpp:294 BlockingConnectionAdapter(localhost:5555): destructing
07-11 13:36:54.598 27933 27934 I adb     : transport.cpp:400 BlockingConnectionAdapter(localhost:5555): already stopped
07-11 13:36:54.598 27933 430894 I adb     : transport.cpp:335 localhost:5555: read thread spawning
07-11 13:36:54.598 27933 430895 I adb     : transport.cpp:307 localhost:5555: write thread spawning
07-11 13:36:54.598 27933 430895 I adb     : transport.cpp:1248 localhost:5555: connection terminated: write failed
07-11 13:36:54.598 27933 27933 I adb     : adb.cpp:172 localhost:5555: already offline
07-11 13:36:54.598 27933 27933 I adb     : transport.cpp:931 destroying transport localhost:5555
07-11 13:36:54.598 27933 27933 I adb     : transport.cpp:407 BlockingConnectionAdapter(localhost:5555): stopping
07-11 13:36:54.598 27933 430894 I adb     : transport.cpp:339 localhost:5555: read failed: Success
07-11 13:36:54.598 27933 27933 I adb     : transport.cpp:425 BlockingConnectionAdapter(localhost:5555): stopped
07-11 13:36:54.849 27933 27934 I adb     : transport.cpp:294 BlockingConnectionAdapter(localhost:5555): destructing
07-11 13:36:54.849 27933 27934 I adb     : transport.cpp:400 BlockingConnectionAdapter(localhost:5555): already stopped
07-11 13:36:54.849 27933 430897 I adb     : transport.cpp:335 localhost:5555: read thread spawning
07-11 13:36:54.849 27933 430898 I adb     : transport.cpp:307 localhost:5555: write thread spawning
07-11 13:36:54.849 27933 430897 I adb     : transport.cpp:339 localhost:5555: read failed: Connection reset by peer
07-11 13:36:54.849 27933 430897 I adb     : transport.cpp:1248 localhost:5555: connection terminated: read failed
07-11 13:36:54.849 27933 27933 I adb     : adb.cpp:172 localhost:5555: already offline
07-11 13:36:54.849 27933 27933 I adb     : transport.cpp:931 destroying transport localhost:5555
07-11 13:36:54.849 27933 27933 I adb     : transport.cpp:407 BlockingConnectionAdapter(localhost:5555): stopping
07-11 13:36:54.849 27933 27933 I adb     : transport.cpp:425 BlockingConnectionAdapter(localhost:5555): stopped
07-11 13:36:55.099 27933 27934 I adb     : transport.cpp:294 BlockingConnectionAdapter(localhost:5555): destructing
07-11 13:36:55.099 27933 27934 I adb     : transport.cpp:400 BlockingConnectionAdapter(localhost:5555): already stopped
07-11 13:36:55.100 27933 430901 I adb     : transport.cpp:335 localhost:5555: read thread spawning
07-11 13:36:55.100 27933 430902 I adb     : transport.cpp:307 localhost:5555: write thread spawning
07-11 13:36:55.100 27933 430902 I adb     : transport.cpp:1248 localhost:5555: connection terminated: write failed
07-11 13:36:55.100 27933 27933 I adb     : adb.cpp:172 localhost:5555: already offline
07-11 13:36:55.100 27933 27933 I adb     : transport.cpp:931 destroying transport localhost:5555
07-11 13:36:55.100 27933 430901 I adb     : transport.cpp:339 localhost:5555: read failed: Success
07-11 13:36:55.100 27933 27933 I adb     : transport.cpp:407 BlockingConnectionAdapter(localhost:5555): stopping
07-11 13:36:55.100 27933 27933 I adb     : transport.cpp:425 BlockingConnectionAdapter(localhost:5555): stopped
07-11 13:36:55.350 27933 27934 I adb     : transport.cpp:294 BlockingConnectionAdapter(localhost:5555): destructing
07-11 13:36:55.350 27933 27934 I adb     : transport.cpp:400 BlockingConnectionAdapter(localhost:5555): already stopped
07-11 13:36:55.350 27933 430905 I adb     : transport.cpp:335 localhost:5555: read thread spawning
07-11 13:36:55.350 27933 430906 I adb     : transport.cpp:307 localhost:5555: write thread spawning
07-11 13:36:55.351 27933 430905 I adb     : transport.cpp:339 localhost:5555: read failed: Connection reset by peer
07-11 13:36:55.351 27933 430905 I adb     : transport.cpp:1248 localhost:5555: connection terminated: read failed
07-11 13:36:55.351 27933 27933 I adb     : adb.cpp:172 localhost:5555: already offline
07-11 13:36:55.351 27933 27933 I adb     : transport.cpp:931 destroying transport localhost:5555
07-11 13:36:55.351 27933 27933 I adb     : transport.cpp:407 BlockingConnectionAdapter(localhost:5555): stopping
07-11 13:36:55.351 27933 27933 I adb     : transport.cpp:425 BlockingConnectionAdapter(localhost:5555): stopped
07-11 13:36:55.601 27933 27934 I adb     : transport.cpp:294 BlockingConnectionAdapter(localhost:5555): destructing
07-11 13:36:55.601 27933 27934 I adb     : transport.cpp:400 BlockingConnectionAdapter(localhost:5555): already stopped
07-11 13:36:55.601 27933 430912 I adb     : transport.cpp:307 localhost:5555: write thread spawning
07-11 13:36:55.601 27933 430911 I adb     : transport.cpp:335 localhost:5555: read thread spawning
07-11 13:36:55.602 27933 430912 I adb     : transport.cpp:1248 localhost:5555: connection terminated: write failed
07-11 13:36:55.602 27933 430911 I adb     : transport.cpp:339 localhost:5555: read failed: Success
07-11 13:36:55.602 27933 27933 I adb     : adb.cpp:172 localhost:5555: already offline
07-11 13:36:55.602 27933 27933 I adb     : transport.cpp:931 destroying transport localhost:5555
07-11 13:36:55.602 27933 27933 I adb     : transport.cpp:407 BlockingConnectionAdapter(localhost:5555): stopping
07-11 13:36:55.602 27933 27933 I adb     : transport.cpp:425 BlockingConnectionAdapter(localhost:5555): stopped
07-11 13:36:55.852 27933 27934 I adb     : transport.cpp:294 BlockingConnectionAdapter(localhost:5555): destructing
07-11 13:36:55.852 27933 27934 I adb     : transport.cpp:400 BlockingConnectionAdapter(localhost:5555): already stopped
07-11 13:36:55.852 27933 430913 I adb     : transport.cpp:335 localhost:5555: read thread spawning
07-11 13:36:55.852 27933 430914 I adb     : transport.cpp:307 localhost:5555: write thread spawning
07-11 13:36:55.852 27933 430914 I adb     : transport.cpp:1248 localhost:5555: connection terminated: write failed
07-11 13:36:55.852 27933 430913 I adb     : transport.cpp:339 localhost:5555: read failed: Success
07-11 13:36:55.852 27933 27933 I adb     : adb.cpp:172 localhost:5555: already offline
07-11 13:36:55.852 27933 27933 I adb     : transport.cpp:931 destroying transport localhost:5555
07-11 13:36:55.852 27933 27933 I adb     : transport.cpp:407 BlockingConnectionAdapter(localhost:5555): stopping
07-11 13:36:55.852 27933 27933 I adb     : transport.cpp:425 BlockingConnectionAdapter(localhost:5555): stopped
07-11 13:36:56.103 27933 27934 I adb     : transport.cpp:294 BlockingConnectionAdapter(localhost:5555): destructing
07-11 13:36:56.103 27933 27934 I adb     : transport.cpp:400 BlockingConnectionAdapter(localhost:5555): already stopped
07-11 13:36:56.103 27933 430915 I adb     : transport.cpp:335 localhost:5555: read thread spawning
07-11 13:36:56.103 27933 430916 I adb     : transport.cpp:307 localhost:5555: write thread spawning
07-11 13:36:56.103 27933 430915 I adb     : transport.cpp:339 localhost:5555: read failed: Connection reset by peer
07-11 13:36:56.103 27933 430915 I adb     : transport.cpp:1248 localhost:5555: connection terminated: read failed
07-11 13:36:56.103 27933 27933 I adb     : adb.cpp:172 localhost:5555: already offline
07-11 13:36:56.103 27933 27933 I adb     : transport.cpp:931 destroying transport localhost:5555
07-11 13:36:56.103 27933 27933 I adb     : transport.cpp:407 BlockingConnectionAdapter(localhost:5555): stopping
07-11 13:36:56.103 27933 27933 I adb     : transport.cpp:425 BlockingConnectionAdapter(localhost:5555): stopped
07-11 13:36:56.353 27933 27934 I adb     : transport.cpp:294 BlockingConnectionAdapter(localhost:5555): destructing
07-11 13:36:56.353 27933 27934 I adb     : transport.cpp:400 BlockingConnectionAdapter(localhost:5555): already stopped
07-11 13:36:56.354 27933 430919 I adb     : transport.cpp:335 localhost:5555: read thread spawning
07-11 13:36:56.354 27933 430920 I adb     : transport.cpp:307 localhost:5555: write thread spawning
07-11 13:36:56.354 27933 430920 I adb     : transport.cpp:1248 localhost:5555: connection terminated: write failed
07-11 13:36:56.354 27933 27933 I adb     : adb.cpp:172 localhost:5555: already offline
07-11 13:36:56.354 27933 27933 I adb     : transport.cpp:931 destroying transport localhost:5555
07-11 13:36:56.354 27933 27933 I adb     : transport.cpp:407 BlockingConnectionAdapter(localhost:5555): stopping
07-11 13:36:56.354 27933 430919 I adb     : transport.cpp:339 localhost:5555: read failed: Success
07-11 13:36:56.354 27933 27933 I adb     : transport.cpp:425 BlockingConnectionAdapter(localhost:5555): stopped
07-11 13:36:56.604 27933 27934 I adb     : transport.cpp:294 BlockingConnectionAdapter(localhost:5555): destructing
07-11 13:36:56.604 27933 27934 I adb     : transport.cpp:400 BlockingConnectionAdapter(localhost:5555): already stopped
07-11 13:36:56.604 27933 430923 I adb     : transport.cpp:335 localhost:5555: read thread spawning
07-11 13:36:56.604 27933 430924 I adb     : transport.cpp:307 localhost:5555: write thread spawning
07-11 13:36:56.604 27933 430924 I adb     : transport.cpp:1248 localhost:5555: connection terminated: write failed
07-11 13:36:56.604 27933 430923 I adb     : transport.cpp:339 localhost:5555: read failed: Success
07-11 13:36:56.604 27933 27933 I adb     : adb.cpp:172 localhost:5555: already offline
07-11 13:36:56.604 27933 27933 I adb     : transport.cpp:931 destroying transport localhost:5555
07-11 13:36:56.604 27933 27933 I adb     : transport.cpp:407 BlockingConnectionAdapter(localhost:5555): stopping
07-11 13:36:56.604 27933 27933 I adb     : transport.cpp:425 BlockingConnectionAdapter(localhost:5555): stopped
07-11 13:36:56.855 27933 27934 I adb     : transport.cpp:294 BlockingConnectionAdapter(localhost:5555): destructing
07-11 13:36:56.855 27933 27934 I adb     : transport.cpp:400 BlockingConnectionAdapter(localhost:5555): already stopped
07-11 13:36:56.855 27933 430929 I adb     : transport.cpp:335 localhost:5555: read thread spawning
07-11 13:36:56.855 27933 430930 I adb     : transport.cpp:307 localhost:5555: write thread spawning
07-11 13:36:56.856 27933 430929 I adb     : transport.cpp:339 localhost:5555: read failed: Connection reset by peer
07-11 13:36:56.856 27933 430929 I adb     : transport.cpp:1248 localhost:5555: connection terminated: read failed
07-11 13:36:56.856 27933 27933 I adb     : adb.cpp:172 localhost:5555: already offline
07-11 13:36:56.856 27933 27933 I adb     : transport.cpp:931 destroying transport localhost:5555
07-11 13:36:56.856 27933 27933 I adb     : transport.cpp:407 BlockingConnectionAdapter(localhost:5555): stopping
07-11 13:36:56.856 27933 27933 I adb     : transport.cpp:425 BlockingConnectionAdapter(localhost:5555): stopped
07-11 13:36:57.106 27933 27934 I adb     : transport.cpp:294 BlockingConnectionAdapter(localhost:5555): destructing
07-11 13:36:57.106 27933 27934 I adb     : transport.cpp:400 BlockingConnectionAdapter(localhost:5555): already stopped
07-11 13:36:57.106 27933 430933 I adb     : transport.cpp:335 localhost:5555: read thread spawning
07-11 13:36:57.106 27933 430934 I adb     : transport.cpp:307 localhost:5555: write thread spawning
07-11 13:36:57.106 27933 430934 I adb     : transport.cpp:1248 localhost:5555: connection terminated: write failed
07-11 13:36:57.107 27933 430933 I adb     : transport.cpp:339 localhost:5555: read failed: Success
07-11 13:36:57.107 27933 27933 I adb     : adb.cpp:172 localhost:5555: already offline
07-11 13:36:57.107 27933 27933 I adb     : transport.cpp:931 destroying transport localhost:5555
07-11 13:36:57.107 27933 27933 I adb     : transport.cpp:407 BlockingConnectionAdapter(localhost:5555): stopping
07-11 13:36:57.107 27933 27933 I adb     : transport.cpp:425 BlockingConnectionAdapter(localhost:5555): stopped
07-11 13:36:57.357 27933 27934 I adb     : transport.cpp:294 BlockingConnectionAdapter(localhost:5555): destructing
07-11 13:36:57.357 27933 27934 I adb     : transport.cpp:400 BlockingConnectionAdapter(localhost:5555): already stopped
07-11 13:36:57.357 27933 430963 I adb     : transport.cpp:307 localhost:5555: write thread spawning
07-11 13:36:57.358 27933 430962 I adb     : transport.cpp:335 localhost:5555: read thread spawning
07-11 13:36:57.358 27933 430962 I adb     : transport.cpp:339 localhost:5555: read failed: Connection reset by peer
07-11 13:36:57.358 27933 430962 I adb     : transport.cpp:1248 localhost:5555: connection terminated: read failed
07-11 13:36:57.358 27933 27933 I adb     : adb.cpp:172 localhost:5555: already offline
07-11 13:36:57.358 27933 27933 I adb     : transport.cpp:931 destroying transport localhost:5555
07-11 13:36:57.358 27933 27933 I adb     : transport.cpp:407 BlockingConnectionAdapter(localhost:5555): stopping
07-11 13:36:57.358 27933 27933 I adb     : transport.cpp:425 BlockingConnectionAdapter(localhost:5555): stopped
07-11 13:36:57.609 27933 27934 I adb     : transport.cpp:294 BlockingConnectionAdapter(localhost:5555): destructing
07-11 13:36:57.609 27933 27934 I adb     : transport.cpp:400 BlockingConnectionAdapter(localhost:5555): already stopped
07-11 13:36:57.609 27933 430998 I adb     : transport.cpp:335 localhost:5555: read thread spawning
07-11 13:36:57.609 27933 430998 I adb     : transport.cpp:339 localhost:5555: read failed: Success
07-11 13:36:57.609 27933 430998 I adb     : transport.cpp:1248 localhost:5555: connection terminated: read failed
07-11 13:36:57.609 27933 27933 I adb     : adb.cpp:172 localhost:5555: already offline
07-11 13:36:57.609 27933 27933 I adb     : transport.cpp:931 destroying transport localhost:5555
07-11 13:36:57.609 27933 27933 I adb     : transport.cpp:407 BlockingConnectionAdapter(localhost:5555): stopping
07-11 13:36:57.609 27933 430999 I adb     : transport.cpp:307 localhost:5555: write thread spawning
07-11 13:36:57.609 27933 27933 I adb     : transport.cpp:425 BlockingConnectionAdapter(localhost:5555): stopped
07-11 13:36:57.859 27933 27934 I adb     : transport.cpp:294 BlockingConnectionAdapter(localhost:5555): destructing
07-11 13:36:57.860 27933 27934 I adb     : transport.cpp:400 BlockingConnectionAdapter(localhost:5555): already stopped
07-11 13:36:57.860 27933 431000 I adb     : transport.cpp:335 localhost:5555: read thread spawning
07-11 13:36:57.860 27933 431001 I adb     : transport.cpp:307 localhost:5555: write thread spawning
07-11 13:36:57.860 27933 431001 I adb     : transport.cpp:1248 localhost:5555: connection terminated: write failed
07-11 13:36:57.860 27933 431000 I adb     : transport.cpp:339 localhost:5555: read failed: Success
07-11 13:36:57.860 27933 27933 I adb     : adb.cpp:172 localhost:5555: already offline
07-11 13:36:57.860 27933 27933 I adb     : transport.cpp:931 destroying transport localhost:5555
07-11 13:36:57.860 27933 27933 I adb     : transport.cpp:407 BlockingConnectionAdapter(localhost:5555): stopping
