07-11 13:07:13.949 27933 27934 I adb     : transport.cpp:400 BlockingConnectionAdapter(localhost:5555): already stopped
07-11 13:07:13.950 27933 416255 I adb     : transport.cpp:335 localhost:5555: read thread spawning
07-11 13:07:13.950 27933 416256 I adb     : transport.cpp:307 localhost:5555: write thread spawning
07-11 13:07:13.950 27933 416255 I adb     : transport.cpp:339 localhost:5555: read failed: Connection reset by peer
07-11 13:07:13.950 27933 416255 I adb     : transport.cpp:1248 localhost:5555: connection terminated: read failed
07-11 13:07:13.950 27933 27933 I adb     : adb.cpp:172 localhost:5555: already offline
07-11 13:07:13.950 27933 27933 I adb     : transport.cpp:931 destroying transport localhost:5555
07-11 13:07:13.950 27933 27933 I adb     : transport.cpp:407 BlockingConnectionAdapter(localhost:5555): stopping
07-11 13:07:13.950 27933 27933 I adb     : transport.cpp:425 BlockingConnectionAdapter(localhost:5555): stopped
07-11 13:07:14.200 27933 27934 I adb     : transport.cpp:294 BlockingConnectionAdapter(localhost:5555): destructing
07-11 13:07:14.200 27933 27934 I adb     : transport.cpp:400 BlockingConnectionAdapter(localhost:5555): already stopped
07-11 13:07:14.200 27933 416258 I adb     : transport.cpp:335 localhost:5555: read thread spawning
07-11 13:07:14.201 27933 416259 I adb     : transport.cpp:307 localhost:5555: write thread spawning
07-11 13:07:14.201 27933 416259 I adb     : transport.cpp:1248 localhost:5555: connection terminated: write failed
07-11 13:07:14.201 27933 416258 I adb     : transport.cpp:339 localhost:5555: read failed: Success
07-11 13:07:14.201 27933 27933 I adb     : adb.cpp:172 localhost:5555: already offline
07-11 13:07:14.201 27933 27933 I adb     : transport.cpp:931 destroying transport localhost:5555
07-11 13:07:14.201 27933 27933 I adb     : transport.cpp:407 BlockingConnectionAdapter(localhost:5555): stopping
07-11 13:07:14.201 27933 27933 I adb     : transport.cpp:425 BlockingConnectionAdapter(localhost:5555): stopped
07-11 13:07:14.451 27933 27934 I adb     : transport.cpp:294 BlockingConnectionAdapter(localhost:5555): destructing
07-11 13:07:14.451 27933 27934 I adb     : transport.cpp:400 BlockingConnectionAdapter(localhost:5555): already stopped
07-11 13:07:14.451 27933 416262 I adb     : transport.cpp:335 localhost:5555: read thread spawning
07-11 13:07:14.451 27933 416263 I adb     : transport.cpp:307 localhost:5555: write thread spawning
07-11 13:07:14.451 27933 416262 I adb     : transport.cpp:339 localhost:5555: read failed: Connection reset by peer
07-11 13:07:14.451 27933 416262 I adb     : transport.cpp:1248 localhost:5555: connection terminated: read failed
07-11 13:07:14.451 27933 27933 I adb     : adb.cpp:172 localhost:5555: already offline
07-11 13:07:14.451 27933 27933 I adb     : transport.cpp:931 destroying transport localhost:5555
07-11 13:07:14.451 27933 27933 I adb     : transport.cpp:407 BlockingConnectionAdapter(localhost:5555): stopping
07-11 13:07:14.451 27933 27933 I adb     : transport.cpp:425 BlockingConnectionAdapter(localhost:5555): stopped
07-11 13:07:14.702 27933 27934 I adb     : transport.cpp:294 BlockingConnectionAdapter(localhost:5555): destructing
07-11 13:07:14.702 27933 27934 I adb     : transport.cpp:400 BlockingConnectionAdapter(localhost:5555): already stopped
07-11 13:07:14.702 27933 416265 I adb     : transport.cpp:335 localhost:5555: read thread spawning
07-11 13:07:14.702 27933 416265 I adb     : transport.cpp:339 localhost:5555: read failed: Success
07-11 13:07:14.702 27933 416265 I adb     : transport.cpp:1248 localhost:5555: connection terminated: read failed
07-11 13:07:14.702 27933 416266 I adb     : transport.cpp:307 localhost:5555: write thread spawning
07-11 13:07:14.702 27933 27933 I adb     : adb.cpp:172 localhost:5555: already offline
07-11 13:07:14.702 27933 27933 I adb     : transport.cpp:931 destroying transport localhost:5555
07-11 13:07:14.702 27933 27933 I adb     : transport.cpp:407 BlockingConnectionAdapter(localhost:5555): stopping
07-11 13:07:14.702 27933 27933 I adb     : transport.cpp:425 BlockingConnectionAdapter(localhost:5555): stopped
07-11 13:07:14.952 27933 27934 I adb     : transport.cpp:294 BlockingConnectionAdapter(localhost:5555): destructing
07-11 13:07:14.953 27933 27934 I adb     : transport.cpp:400 BlockingConnectionAdapter(localhost:5555): already stopped
07-11 13:07:14.953 27933 416268 I adb     : transport.cpp:335 localhost:5555: read thread spawning
07-11 13:07:14.953 27933 416269 I adb     : transport.cpp:307 localhost:5555: write thread spawning
07-11 13:07:14.953 27933 416268 I adb     : transport.cpp:339 localhost:5555: read failed: Connection reset by peer
07-11 13:07:14.953 27933 416268 I adb     : transport.cpp:1248 localhost:5555: connection terminated: read failed
07-11 13:07:14.953 27933 27933 I adb     : adb.cpp:172 localhost:5555: already offline
07-11 13:07:14.953 27933 27933 I adb     : transport.cpp:931 destroying transport localhost:5555
07-11 13:07:14.953 27933 27933 I adb     : transport.cpp:407 BlockingConnectionAdapter(localhost:5555): stopping
07-11 13:07:14.953 27933 27933 I adb     : transport.cpp:425 BlockingConnectionAdapter(localhost:5555): stopped
07-11 13:07:15.203 27933 27934 I adb     : transport.cpp:294 BlockingConnectionAdapter(localhost:5555): destructing
07-11 13:07:15.203 27933 27934 I adb     : transport.cpp:400 BlockingConnectionAdapter(localhost:5555): already stopped
07-11 13:07:15.204 27933 416274 I adb     : transport.cpp:335 localhost:5555: read thread spawning
07-11 13:07:15.204 27933 416275 I adb     : transport.cpp:307 localhost:5555: write thread spawning
07-11 13:07:15.204 27933 416274 I adb     : transport.cpp:339 localhost:5555: read failed: Connection reset by peer
07-11 13:07:15.204 27933 416274 I adb     : transport.cpp:1248 localhost:5555: connection terminated: read failed
07-11 13:07:15.204 27933 27933 I adb     : adb.cpp:172 localhost:5555: already offline
07-11 13:07:15.204 27933 27933 I adb     : transport.cpp:931 destroying transport localhost:5555
07-11 13:07:15.204 27933 27933 I adb     : transport.cpp:407 BlockingConnectionAdapter(localhost:5555): stopping
07-11 13:07:15.204 27933 27933 I adb     : transport.cpp:425 BlockingConnectionAdapter(localhost:5555): stopped
07-11 13:07:15.454 27933 27934 I adb     : transport.cpp:294 BlockingConnectionAdapter(localhost:5555): destructing
07-11 13:07:15.454 27933 27934 I adb     : transport.cpp:400 BlockingConnectionAdapter(localhost:5555): already stopped
07-11 13:07:15.454 27933 416276 I adb     : transport.cpp:335 localhost:5555: read thread spawning
07-11 13:07:15.455 27933 416276 I adb     : transport.cpp:339 localhost:5555: read failed: Success
07-11 13:07:15.455 27933 416276 I adb     : transport.cpp:1248 localhost:5555: connection terminated: read failed
07-11 13:07:15.454 27933 416277 I adb     : transport.cpp:307 localhost:5555: write thread spawning
07-11 13:07:15.455 27933 27933 I adb     : adb.cpp:172 localhost:5555: already offline
07-11 13:07:15.455 27933 27933 I adb     : transport.cpp:931 destroying transport localhost:5555
07-11 13:07:15.455 27933 27933 I adb     : transport.cpp:407 BlockingConnectionAdapter(localhost:5555): stopping
07-11 13:07:15.455 27933 27933 I adb     : transport.cpp:425 BlockingConnectionAdapter(localhost:5555): stopped
07-11 13:07:15.705 27933 27934 I adb     : transport.cpp:294 BlockingConnectionAdapter(localhost:5555): destructing
07-11 13:07:15.705 27933 27934 I adb     : transport.cpp:400 BlockingConnectionAdapter(localhost:5555): already stopped
07-11 13:07:15.705 27933 416281 I adb     : transport.cpp:307 localhost:5555: write thread spawning
07-11 13:07:15.705 27933 416280 I adb     : transport.cpp:335 localhost:5555: read thread spawning
07-11 13:07:15.705 27933 416280 I adb     : transport.cpp:339 localhost:5555: read failed: Success
07-11 13:07:15.705 27933 416280 I adb     : transport.cpp:1248 localhost:5555: connection terminated: read failed
07-11 13:07:15.706 27933 27933 I adb     : adb.cpp:172 localhost:5555: already offline
07-11 13:07:15.706 27933 27933 I adb     : transport.cpp:931 destroying transport localhost:5555
07-11 13:07:15.706 27933 27933 I adb     : transport.cpp:407 BlockingConnectionAdapter(localhost:5555): stopping
07-11 13:07:15.706 27933 27933 I adb     : transport.cpp:425 BlockingConnectionAdapter(localhost:5555): stopped
07-11 13:07:15.956 27933 27934 I adb     : transport.cpp:294 BlockingConnectionAdapter(localhost:5555): destructing
07-11 13:07:15.956 27933 27934 I adb     : transport.cpp:400 BlockingConnectionAdapter(localhost:5555): already stopped
07-11 13:07:15.956 27933 416285 I adb     : transport.cpp:307 localhost:5555: write thread spawning
07-11 13:07:15.956 27933 416284 I adb     : transport.cpp:335 localhost:5555: read thread spawning
07-11 13:07:15.956 27933 416285 I adb     : transport.cpp:1248 localhost:5555: connection terminated: write failed
07-11 13:07:15.956 27933 416284 I adb     : transport.cpp:339 localhost:5555: read failed: Success
07-11 13:07:15.956 27933 27933 I adb     : adb.cpp:172 localhost:5555: already offline
07-11 13:07:15.956 27933 27933 I adb     : transport.cpp:931 destroying transport localhost:5555
07-11 13:07:15.956 27933 27933 I adb     : transport.cpp:407 BlockingConnectionAdapter(localhost:5555): stopping
07-11 13:07:15.956 27933 27933 I adb     : transport.cpp:425 BlockingConnectionAdapter(localhost:5555): stopped
07-11 13:07:16.207 27933 27934 I adb     : transport.cpp:294 BlockingConnectionAdapter(localhost:5555): destructing
07-11 13:07:16.207 27933 27934 I adb     : transport.cpp:400 BlockingConnectionAdapter(localhost:5555): already stopped
07-11 13:07:16.207 27933 416286 I adb     : transport.cpp:335 localhost:5555: read thread spawning
07-11 13:07:16.207 27933 416287 I adb     : transport.cpp:307 localhost:5555: write thread spawning
07-11 13:07:16.207 27933 416286 I adb     : transport.cpp:339 localhost:5555: read failed: Success
07-11 13:07:16.207 27933 416286 I adb     : transport.cpp:1248 localhost:5555: connection terminated: read failed
07-11 13:07:16.207 27933 27933 I adb     : adb.cpp:172 localhost:5555: already offline
07-11 13:07:16.207 27933 27933 I adb     : transport.cpp:931 destroying transport localhost:5555
07-11 13:07:16.207 27933 27933 I adb     : transport.cpp:407 BlockingConnectionAdapter(localhost:5555): stopping
07-11 13:07:16.207 27933 27933 I adb     : transport.cpp:425 BlockingConnectionAdapter(localhost:5555): stopped
07-11 13:07:16.457 27933 27934 I adb     : transport.cpp:294 BlockingConnectionAdapter(localhost:5555): destructing
07-11 13:07:16.457 27933 27934 I adb     : transport.cpp:400 BlockingConnectionAdapter(localhost:5555): already stopped
07-11 13:07:16.458 27933 416294 I adb     : transport.cpp:335 localhost:5555: read thread spawning
07-11 13:07:16.458 27933 416295 I adb     : transport.cpp:307 localhost:5555: write thread spawning
07-11 13:07:16.458 27933 416295 I adb     : transport.cpp:1248 localhost:5555: connection terminated: write failed
07-11 13:07:16.458 27933 27933 I adb     : adb.cpp:172 localhost:5555: already offline
07-11 13:07:16.458 27933 416294 I adb     : transport.cpp:339 localhost:5555: read failed: Success
07-11 13:07:16.458 27933 27933 I adb     : transport.cpp:931 destroying transport localhost:5555
07-11 13:07:16.458 27933 27933 I adb     : transport.cpp:407 BlockingConnectionAdapter(localhost:5555): stopping
07-11 13:07:16.458 27933 27933 I adb     : transport.cpp:425 BlockingConnectionAdapter(localhost:5555): stopped
07-11 13:07:16.708 27933 27934 I adb     : transport.cpp:294 BlockingConnectionAdapter(localhost:5555): destructing
07-11 13:07:16.708 27933 27934 I adb     : transport.cpp:400 BlockingConnectionAdapter(localhost:5555): already stopped
07-11 13:07:16.708 27933 416297 I adb     : transport.cpp:335 localhost:5555: read thread spawning
07-11 13:07:16.708 27933 416298 I adb     : transport.cpp:307 localhost:5555: write thread spawning
07-11 13:07:16.708 27933 416298 I adb     : transport.cpp:1248 localhost:5555: connection terminated: write failed
07-11 13:07:16.708 27933 416297 I adb     : transport.cpp:339 localhost:5555: read failed: Success
07-11 13:07:16.708 27933 27933 I adb     : adb.cpp:172 localhost:5555: already offline
07-11 13:07:16.708 27933 27933 I adb     : transport.cpp:931 destroying transport localhost:5555
07-11 13:07:16.709 27933 27933 I adb     : transport.cpp:407 BlockingConnectionAdapter(localhost:5555): stopping
07-11 13:07:16.709 27933 27933 I adb     : transport.cpp:425 BlockingConnectionAdapter(localhost:5555): stopped
07-11 13:07:16.959 27933 27934 I adb     : transport.cpp:294 BlockingConnectionAdapter(localhost:5555): destructing
07-11 13:07:16.959 27933 27934 I adb     : transport.cpp:400 BlockingConnectionAdapter(localhost:5555): already stopped
07-11 13:07:16.959 27933 416357 I adb     : transport.cpp:335 localhost:5555: read thread spawning
07-11 13:07:16.959 27933 416357 I adb     : transport.cpp:339 localhost:5555: read failed: Success
07-11 13:07:16.959 27933 416357 I adb     : transport.cpp:1248 localhost:5555: connection terminated: read failed
07-11 13:07:16.959 27933 27933 I adb     : adb.cpp:172 localhost:5555: already offline
07-11 13:07:16.959 27933 27933 I adb     : transport.cpp:931 destroying transport localhost:5555
07-11 13:07:16.959 27933 27933 I adb     : transport.cpp:407 BlockingConnectionAdapter(localhost:5555): stopping
07-11 13:07:16.959 27933 416358 I adb     : transport.cpp:307 localhost:5555: write thread spawning
07-11 13:07:16.959 27933 27933 I adb     : transport.cpp:425 BlockingConnectionAdapter(localhost:5555): stopped
07-11 13:07:17.210 27933 27934 I adb     : transport.cpp:294 BlockingConnectionAdapter(localhost:5555): destructing
07-11 13:07:17.210 27933 27934 I adb     : transport.cpp:400 BlockingConnectionAdapter(localhost:5555): already stopped
07-11 13:07:17.210 27933 416363 I adb     : transport.cpp:335 localhost:5555: read thread spawning
07-11 13:07:17.210 27933 416364 I adb     : transport.cpp:307 localhost:5555: write thread spawning
07-11 13:07:17.210 27933 416363 I adb     : transport.cpp:339 localhost:5555: read failed: Success
07-11 13:07:17.210 27933 416363 I adb     : transport.cpp:1248 localhost:5555: connection terminated: read failed
07-11 13:07:17.210 27933 27933 I adb     : adb.cpp:172 localhost:5555: already offline
07-11 13:07:17.210 27933 27933 I adb     : transport.cpp:931 destroying transport localhost:5555
07-11 13:07:17.210 27933 27933 I adb     : transport.cpp:407 BlockingConnectionAdapter(localhost:5555): stopping
07-11 13:07:17.210 27933 27933 I adb     : transport.cpp:425 BlockingConnectionAdapter(localhost:5555): stopped
07-11 13:07:17.461 27933 27934 I adb     : transport.cpp:294 BlockingConnectionAdapter(localhost:5555): destructing
07-11 13:07:17.461 27933 27934 I adb     : transport.cpp:400 BlockingConnectionAdapter(localhost:5555): already stopped
07-11 13:07:17.461 27933 416365 I adb     : transport.cpp:335 localhost:5555: read thread spawning
07-11 13:07:17.461 27933 416365 I adb     : transport.cpp:339 localhost:5555: read failed: Success
07-11 13:07:17.461 27933 416365 I adb     : transport.cpp:1248 localhost:5555: connection terminated: read failed
07-11 13:07:17.461 27933 416366 I adb     : transport.cpp:307 localhost:5555: write thread spawning
07-11 13:07:17.461 27933 27933 I adb     : adb.cpp:172 localhost:5555: already offline
07-11 13:07:17.461 27933 27933 I adb     : transport.cpp:931 destroying transport localhost:5555
07-11 13:07:17.461 27933 27933 I adb     : transport.cpp:407 BlockingConnectionAdapter(localhost:5555): stopping
07-11 13:07:17.461 27933 27933 I adb     : transport.cpp:425 BlockingConnectionAdapter(localhost:5555): stopped
07-11 13:07:17.711 27933 27934 I adb     : transport.cpp:294 BlockingConnectionAdapter(localhost:5555): destructing
07-11 13:07:17.711 27933 27934 I adb     : transport.cpp:400 BlockingConnectionAdapter(localhost:5555): already stopped
07-11 13:07:17.712 27933 416368 I adb     : transport.cpp:335 localhost:5555: read thread spawning
07-11 13:07:17.712 27933 416368 I adb     : transport.cpp:339 localhost:5555: read failed: Success
07-11 13:07:17.712 27933 416368 I adb     : transport.cpp:1248 localhost:5555: connection terminated: read failed
07-11 13:07:17.712 27933 27933 I adb     : adb.cpp:172 localhost:5555: already offline
07-11 13:07:17.712 27933 27933 I adb     : transport.cpp:931 destroying transport localhost:5555
07-11 13:07:17.712 27933 27933 I adb     : transport.cpp:407 BlockingConnectionAdapter(localhost:5555): stopping
07-11 13:07:17.712 27933 416369 I adb     : transport.cpp:307 localhost:5555: write thread spawning
07-11 13:07:17.712 27933 27933 I adb     : transport.cpp:425 BlockingConnectionAdapter(localhost:5555): stopped
07-11 13:07:17.962 27933 27934 I adb     : transport.cpp:294 BlockingConnectionAdapter(localhost:5555): destructing
07-11 13:07:17.962 27933 27934 I adb     : transport.cpp:400 BlockingConnectionAdapter(localhost:5555): already stopped
07-11 13:07:17.962 27933 416382 I adb     : transport.cpp:335 localhost:5555: read thread spawning
07-11 13:07:17.962 27933 416383 I adb     : transport.cpp:307 localhost:5555: write thread spawning
07-11 13:07:17.963 27933 27933 I adb     : adb.cpp:172 localhost:5555: already offline
07-11 13:08:11.422 27933 27933 I adb     : transport.cpp:1155 kicking transport 0xf946d8000de0 localhost:5555
07-11 13:08:11.422 27933 27933 I adb     : transport.cpp:407 BlockingConnectionAdapter(localhost:5555): stopping
07-11 13:08:11.422 27933 416382 I adb     : transport.cpp:339 localhost:5555: read failed: Success
07-11 13:08:11.422 27933 416382 I adb     : transport.cpp:1248 localhost:5555: connection terminated: read failed
07-11 13:08:11.422 27933 27933 I adb     : transport.cpp:425 BlockingConnectionAdapter(localhost:5555): stopped
07-11 13:08:11.422 27933 27933 I adb     : adb.cpp:176 localhost:5555: offline
07-11 13:08:11.422 27933 27933 I adb     : transport.cpp:931 destroying transport localhost:5555
07-11 13:08:11.422 27933 27933 I adb     : transport.cpp:400 BlockingConnectionAdapter(localhost:5555): already stopped
07-11 13:08:11.422 27933 27933 I adb     : transport.cpp:294 BlockingConnectionAdapter(localhost:5555): destructing
07-11 13:08:11.422 27933 27933 I adb     : transport.cpp:400 BlockingConnectionAdapter(localhost:5555): already stopped
07-11 13:08:11.428 27933 417963 I adb     : transport.cpp:335 localhost:5555: read thread spawning
07-11 13:08:11.429 27933 417964 I adb     : transport.cpp:307 localhost:5555: write thread spawning
07-11 13:08:11.429 27933 27933 I adb     : adb.cpp:172 localhost:5555: already offline
07-11 13:27:21.143 27933 417963 I adb     : transport.cpp:339 localhost:5555: read failed: Success
07-11 13:27:21.143 27933 417963 I adb     : transport.cpp:1248 localhost:5555: connection terminated: read failed
07-11 13:27:21.143 27933 27933 I adb     : adb.cpp:176 localhost:5555: offline
07-11 13:27:21.143 27933 27933 I adb     : transport.cpp:931 destroying transport localhost:5555
07-11 13:27:21.143 27933 27933 I adb     : transport.cpp:407 BlockingConnectionAdapter(localhost:5555): stopping
07-11 13:27:21.143 27933 27933 I adb     : transport.cpp:425 BlockingConnectionAdapter(localhost:5555): stopped
07-11 13:27:21.394 27933 27934 I adb     : transport.cpp:294 BlockingConnectionAdapter(localhost:5555): destructing
07-11 13:27:21.394 27933 27934 I adb     : transport.cpp:400 BlockingConnectionAdapter(localhost:5555): already stopped
07-11 13:27:21.394 27933 421876 I adb     : transport.cpp:335 localhost:5555: read thread spawning
07-11 13:27:21.394 27933 421877 I adb     : transport.cpp:307 localhost:5555: write thread spawning
07-11 13:27:21.395 27933 27933 I adb     : adb.cpp:172 localhost:5555: already offline
07-11 13:30:28.557 27933 421876 I adb     : transport.cpp:339 localhost:5555: read failed: Success
07-11 13:30:28.557 27933 421876 I adb     : transport.cpp:1248 localhost:5555: connection terminated: read failed
07-11 13:30:28.557 27933 27933 I adb     : adb.cpp:176 localhost:5555: offline
07-11 13:30:28.557 27933 27933 I adb     : transport.cpp:931 destroying transport localhost:5555
07-11 13:30:28.557 27933 27933 I adb     : transport.cpp:407 BlockingConnectionAdapter(localhost:5555): stopping
07-11 13:30:28.564 27933 27933 I adb     : transport.cpp:425 BlockingConnectionAdapter(localhost:5555): stopped
07-11 13:30:49.816 27933 27934 I adb     : transport.cpp:294 BlockingConnectionAdapter(localhost:5555): destructing
07-11 13:30:49.817 27933 27934 I adb     : transport.cpp:400 BlockingConnectionAdapter(localhost:5555): already stopped
07-11 13:30:49.817 27933 423292 I adb     : transport.cpp:335 localhost:5555: read thread spawning
07-11 13:30:49.817 27933 423293 I adb     : transport.cpp:307 localhost:5555: write thread spawning
07-11 13:30:49.817 27933 423292 I adb     : transport.cpp:339 localhost:5555: read failed: Connection reset by peer
07-11 13:30:49.817 27933 423292 I adb     : transport.cpp:1248 localhost:5555: connection terminated: read failed
07-11 13:30:49.817 27933 27933 I adb     : adb.cpp:172 localhost:5555: already offline
07-11 13:30:49.817 27933 27933 I adb     : transport.cpp:931 destroying transport localhost:5555
07-11 13:30:49.817 27933 27933 I adb     : transport.cpp:407 BlockingConnectionAdapter(localhost:5555): stopping
07-11 13:30:49.817 27933 27933 I adb     : transport.cpp:425 BlockingConnectionAdapter(localhost:5555): stopped
07-11 13:30:50.067 27933 27934 I adb     : transport.cpp:294 BlockingConnectionAdapter(localhost:5555): destructing
07-11 13:30:50.067 27933 27934 I adb     : transport.cpp:400 BlockingConnectionAdapter(localhost:5555): already stopped
07-11 13:30:50.068 27933 423297 I adb     : transport.cpp:335 localhost:5555: read thread spawning
07-11 13:30:50.068 27933 423298 I adb     : transport.cpp:307 localhost:5555: write thread spawning
07-11 13:30:50.068 27933 423298 I adb     : transport.cpp:1248 localhost:5555: connection terminated: write failed
07-11 13:30:50.068 27933 423297 I adb     : transport.cpp:339 localhost:5555: read failed: Success
07-11 13:30:50.068 27933 27933 I adb     : adb.cpp:172 localhost:5555: already offline
07-11 13:30:50.068 27933 27933 I adb     : transport.cpp:931 destroying transport localhost:5555
07-11 13:30:50.068 27933 27933 I adb     : transport.cpp:407 BlockingConnectionAdapter(localhost:5555): stopping
07-11 13:30:50.068 27933 27933 I adb     : transport.cpp:425 BlockingConnectionAdapter(localhost:5555): stopped
07-11 13:30:50.318 27933 27934 I adb     : transport.cpp:294 BlockingConnectionAdapter(localhost:5555): destructing
07-11 13:30:50.318 27933 27934 I adb     : transport.cpp:400 BlockingConnectionAdapter(localhost:5555): already stopped
07-11 13:30:50.318 27933 423300 I adb     : transport.cpp:335 localhost:5555: read thread spawning
07-11 13:30:50.318 27933 423300 I adb     : transport.cpp:339 localhost:5555: read failed: Success
07-11 13:30:50.318 27933 423300 I adb     : transport.cpp:1248 localhost:5555: connection terminated: read failed
07-11 13:30:50.318 27933 423301 I adb     : transport.cpp:307 localhost:5555: write thread spawning
07-11 13:30:50.318 27933 27933 I adb     : adb.cpp:172 localhost:5555: already offline
07-11 13:30:50.318 27933 27933 I adb     : transport.cpp:931 destroying transport localhost:5555
07-11 13:30:50.318 27933 27933 I adb     : transport.cpp:407 BlockingConnectionAdapter(localhost:5555): stopping
07-11 13:30:50.318 27933 27933 I adb     : transport.cpp:425 BlockingConnectionAdapter(localhost:5555): stopped
07-11 13:30:50.569 27933 27934 I adb     : transport.cpp:294 BlockingConnectionAdapter(localhost:5555): destructing
07-11 13:30:50.569 27933 27934 I adb     : transport.cpp:400 BlockingConnectionAdapter(localhost:5555): already stopped
07-11 13:30:50.569 27933 423303 I adb     : transport.cpp:335 localhost:5555: read thread spawning
07-11 13:30:50.569 27933 423303 I adb     : transport.cpp:339 localhost:5555: read failed: Success
07-11 13:30:50.569 27933 423303 I adb     : transport.cpp:1248 localhost:5555: connection terminated: read failed
07-11 13:30:50.569 27933 27933 I adb     : adb.cpp:172 localhost:5555: already offline
07-11 13:30:50.569 27933 27933 I adb     : transport.cpp:931 destroying transport localhost:5555
07-11 13:30:50.569 27933 27933 I adb     : transport.cpp:407 BlockingConnectionAdapter(localhost:5555): stopping
07-11 13:30:50.569 27933 423304 I adb     : transport.cpp:307 localhost:5555: write thread spawning
07-11 13:30:50.569 27933 27933 I adb     : transport.cpp:425 BlockingConnectionAdapter(localhost:5555): stopped
07-11 13:30:50.819 27933 27934 I adb     : transport.cpp:294 BlockingConnectionAdapter(localhost:5555): destructing
07-11 13:30:50.819 27933 27934 I adb     : transport.cpp:400 BlockingConnectionAdapter(localhost:5555): already stopped
07-11 13:30:50.820 27933 423306 I adb     : transport.cpp:335 localhost:5555: read thread spawning
07-11 13:30:50.820 27933 423307 I adb     : transport.cpp:307 localhost:5555: write thread spawning
07-11 13:30:50.820 27933 423306 I adb     : transport.cpp:339 localhost:5555: read failed: Connection reset by peer
07-11 13:30:50.820 27933 423306 I adb     : transport.cpp:1248 localhost:5555: connection terminated: read failed
07-11 13:30:50.820 27933 27933 I adb     : adb.cpp:172 localhost:5555: already offline
07-11 13:30:50.820 27933 27933 I adb     : transport.cpp:931 destroying transport localhost:5555
07-11 13:30:50.820 27933 27933 I adb     : transport.cpp:407 BlockingConnectionAdapter(localhost:5555): stopping
07-11 13:30:50.820 27933 27933 I adb     : transport.cpp:425 BlockingConnectionAdapter(localhost:5555): stopped
07-11 13:30:51.070 27933 27934 I adb     : transport.cpp:294 BlockingConnectionAdapter(localhost:5555): destructing
07-11 13:30:51.070 27933 27934 I adb     : transport.cpp:400 BlockingConnectionAdapter(localhost:5555): already stopped
07-11 13:30:51.070 27933 423309 I adb     : transport.cpp:335 localhost:5555: read thread spawning
07-11 13:30:51.070 27933 423310 I adb     : transport.cpp:307 localhost:5555: write thread spawning
07-11 13:30:51.071 27933 423309 I adb     : transport.cpp:339 localhost:5555: read failed: Connection reset by peer
07-11 13:30:51.071 27933 423309 I adb     : transport.cpp:1248 localhost:5555: connection terminated: read failed
07-11 13:30:51.071 27933 27933 I adb     : adb.cpp:172 localhost:5555: already offline
07-11 13:30:51.071 27933 27933 I adb     : transport.cpp:931 destroying transport localhost:5555
07-11 13:30:51.071 27933 27933 I adb     : transport.cpp:407 BlockingConnectionAdapter(localhost:5555): stopping
07-11 13:30:51.071 27933 27933 I adb     : transport.cpp:425 BlockingConnectionAdapter(localhost:5555): stopped
07-11 13:30:51.321 27933 27934 I adb     : transport.cpp:294 BlockingConnectionAdapter(localhost:5555): destructing
07-11 13:30:51.321 27933 27934 I adb     : transport.cpp:400 BlockingConnectionAdapter(localhost:5555): already stopped
07-11 13:30:51.321 27933 423312 I adb     : transport.cpp:335 localhost:5555: read thread spawning
07-11 13:30:51.321 27933 423313 I adb     : transport.cpp:307 localhost:5555: write thread spawning
07-11 13:30:51.321 27933 423312 I adb     : transport.cpp:339 localhost:5555: read failed: Connection reset by peer
07-11 13:30:51.321 27933 423312 I adb     : transport.cpp:1248 localhost:5555: connection terminated: read failed
07-11 13:30:51.321 27933 27933 I adb     : adb.cpp:172 localhost:5555: already offline
07-11 13:30:51.321 27933 27933 I adb     : transport.cpp:931 destroying transport localhost:5555
07-11 13:30:51.321 27933 27933 I adb     : transport.cpp:407 BlockingConnectionAdapter(localhost:5555): stopping
07-11 13:30:51.321 27933 27933 I adb     : transport.cpp:425 BlockingConnectionAdapter(localhost:5555): stopped
07-11 13:30:51.575 27933 27934 I adb     : transport.cpp:294 BlockingConnectionAdapter(localhost:5555): destructing
07-11 13:30:51.575 27933 27934 I adb     : transport.cpp:400 BlockingConnectionAdapter(localhost:5555): already stopped
07-11 13:30:51.576 27933 423436 I adb     : transport.cpp:335 localhost:5555: read thread spawning
07-11 13:30:51.576 27933 423436 I adb     : transport.cpp:339 localhost:5555: read failed: Success
07-11 13:30:51.576 27933 423436 I adb     : transport.cpp:1248 localhost:5555: connection terminated: read failed
07-11 13:30:51.576 27933 27933 I adb     : adb.cpp:172 localhost:5555: already offline
07-11 13:30:51.576 27933 27933 I adb     : transport.cpp:931 destroying transport localhost:5555
07-11 13:30:51.576 27933 27933 I adb     : transport.cpp:407 BlockingConnectionAdapter(localhost:5555): stopping
07-11 13:30:51.577 27933 423437 I adb     : transport.cpp:307 localhost:5555: write thread spawning
07-11 13:30:51.577 27933 27933 I adb     : transport.cpp:425 BlockingConnectionAdapter(localhost:5555): stopped
07-11 13:30:51.827 27933 27934 I adb     : transport.cpp:294 BlockingConnectionAdapter(localhost:5555): destructing
07-11 13:30:51.827 27933 27934 I adb     : transport.cpp:400 BlockingConnectionAdapter(localhost:5555): already stopped
07-11 13:30:51.827 27933 423443 I adb     : transport.cpp:335 localhost:5555: read thread spawning
07-11 13:30:51.827 27933 423444 I adb     : transport.cpp:307 localhost:5555: write thread spawning
07-11 13:30:51.827 27933 423443 I adb     : transport.cpp:339 localhost:5555: read failed: Success
07-11 13:30:51.827 27933 423443 I adb     : transport.cpp:1248 localhost:5555: connection terminated: read failed
07-11 13:30:51.827 27933 27933 I adb     : adb.cpp:172 localhost:5555: already offline
07-11 13:30:51.827 27933 27933 I adb     : transport.cpp:931 destroying transport localhost:5555
07-11 13:30:51.827 27933 27933 I adb     : transport.cpp:407 BlockingConnectionAdapter(localhost:5555): stopping
07-11 13:30:51.828 27933 27933 I adb     : transport.cpp:425 BlockingConnectionAdapter(localhost:5555): stopped
07-11 13:30:52.078 27933 27934 I adb     : transport.cpp:294 BlockingConnectionAdapter(localhost:5555): destructing
07-11 13:30:52.078 27933 27934 I adb     : transport.cpp:400 BlockingConnectionAdapter(localhost:5555): already stopped
07-11 13:30:52.078 27933 423447 I adb     : transport.cpp:335 localhost:5555: read thread spawning
07-11 13:30:52.078 27933 423448 I adb     : transport.cpp:307 localhost:5555: write thread spawning
07-11 13:30:52.078 27933 423447 I adb     : transport.cpp:339 localhost:5555: read failed: Connection reset by peer
07-11 13:30:52.078 27933 423447 I adb     : transport.cpp:1248 localhost:5555: connection terminated: read failed
07-11 13:30:52.078 27933 27933 I adb     : adb.cpp:172 localhost:5555: already offline
07-11 13:30:52.078 27933 27933 I adb     : transport.cpp:931 destroying transport localhost:5555
07-11 13:30:52.078 27933 27933 I adb     : transport.cpp:407 BlockingConnectionAdapter(localhost:5555): stopping
07-11 13:30:52.078 27933 27933 I adb     : transport.cpp:425 BlockingConnectionAdapter(localhost:5555): stopped
07-11 13:30:52.329 27933 27934 I adb     : transport.cpp:294 BlockingConnectionAdapter(localhost:5555): destructing
07-11 13:30:52.329 27933 27934 I adb     : transport.cpp:400 BlockingConnectionAdapter(localhost:5555): already stopped
07-11 13:30:52.329 27933 423450 I adb     : transport.cpp:335 localhost:5555: read thread spawning
07-11 13:30:52.329 27933 423451 I adb     : transport.cpp:307 localhost:5555: write thread spawning
07-11 13:30:52.329 27933 423450 I adb     : transport.cpp:339 localhost:5555: read failed: Connection reset by peer
07-11 13:30:52.329 27933 423450 I adb     : transport.cpp:1248 localhost:5555: connection terminated: read failed
07-11 13:30:52.329 27933 27933 I adb     : adb.cpp:172 localhost:5555: already offline
07-11 13:30:52.329 27933 27933 I adb     : transport.cpp:931 destroying transport localhost:5555
07-11 13:30:52.329 27933 27933 I adb     : transport.cpp:407 BlockingConnectionAdapter(localhost:5555): stopping
07-11 13:30:52.329 27933 27933 I adb     : transport.cpp:425 BlockingConnectionAdapter(localhost:5555): stopped
07-11 13:30:52.580 27933 27934 I adb     : transport.cpp:294 BlockingConnectionAdapter(localhost:5555): destructing
07-11 13:30:52.580 27933 27934 I adb     : transport.cpp:400 BlockingConnectionAdapter(localhost:5555): already stopped
07-11 13:30:52.580 27933 423455 I adb     : transport.cpp:335 localhost:5555: read thread spawning
07-11 13:30:52.580 27933 423455 I adb     : transport.cpp:339 localhost:5555: read failed: Success
07-11 13:30:52.580 27933 423456 I adb     : transport.cpp:307 localhost:5555: write thread spawning
07-11 13:30:52.580 27933 423455 I adb     : transport.cpp:1248 localhost:5555: connection terminated: read failed
07-11 13:30:52.580 27933 27933 I adb     : adb.cpp:172 localhost:5555: already offline
07-11 13:30:52.580 27933 27933 I adb     : transport.cpp:931 destroying transport localhost:5555
07-11 13:30:52.580 27933 27933 I adb     : transport.cpp:407 BlockingConnectionAdapter(localhost:5555): stopping
07-11 13:30:52.580 27933 27933 I adb     : transport.cpp:425 BlockingConnectionAdapter(localhost:5555): stopped
07-11 13:30:52.830 27933 27934 I adb     : transport.cpp:294 BlockingConnectionAdapter(localhost:5555): destructing
07-11 13:30:52.830 27933 27934 I adb     : transport.cpp:400 BlockingConnectionAdapter(localhost:5555): already stopped
07-11 13:30:52.831 27933 423458 I adb     : transport.cpp:335 localhost:5555: read thread spawning
07-11 13:30:52.831 27933 423458 I adb     : transport.cpp:339 localhost:5555: read failed: Success
07-11 13:30:52.831 27933 423458 I adb     : transport.cpp:1248 localhost:5555: connection terminated: read failed
07-11 13:30:52.831 27933 423459 I adb     : transport.cpp:307 localhost:5555: write thread spawning
07-11 13:30:52.831 27933 27933 I adb     : adb.cpp:172 localhost:5555: already offline
07-11 13:30:52.831 27933 27933 I adb     : transport.cpp:931 destroying transport localhost:5555
07-11 13:30:52.831 27933 27933 I adb     : transport.cpp:407 BlockingConnectionAdapter(localhost:5555): stopping
07-11 13:30:52.831 27933 27933 I adb     : transport.cpp:425 BlockingConnectionAdapter(localhost:5555): stopped
07-11 13:30:53.081 27933 27934 I adb     : transport.cpp:294 BlockingConnectionAdapter(localhost:5555): destructing
07-11 13:30:53.081 27933 27934 I adb     : transport.cpp:400 BlockingConnectionAdapter(localhost:5555): already stopped
07-11 13:30:53.081 27933 423461 I adb     : transport.cpp:335 localhost:5555: read thread spawning
07-11 13:30:53.082 27933 423462 I adb     : transport.cpp:307 localhost:5555: write thread spawning
07-11 13:30:53.082 27933 423461 I adb     : transport.cpp:339 localhost:5555: read failed: Connection reset by peer
07-11 13:30:53.082 27933 423461 I adb     : transport.cpp:1248 localhost:5555: connection terminated: read failed
07-11 13:30:53.082 27933 27933 I adb     : adb.cpp:172 localhost:5555: already offline
07-11 13:30:53.082 27933 27933 I adb     : transport.cpp:931 destroying transport localhost:5555
07-11 13:30:53.082 27933 27933 I adb     : transport.cpp:407 BlockingConnectionAdapter(localhost:5555): stopping
07-11 13:30:53.082 27933 27933 I adb     : transport.cpp:425 BlockingConnectionAdapter(localhost:5555): stopped
07-11 13:30:53.332 27933 27934 I adb     : transport.cpp:294 BlockingConnectionAdapter(localhost:5555): destructing
07-11 13:30:53.332 27933 27934 I adb     : transport.cpp:400 BlockingConnectionAdapter(localhost:5555): already stopped
07-11 13:30:53.332 27933 423467 I adb     : transport.cpp:335 localhost:5555: read thread spawning
07-11 13:30:53.332 27933 423468 I adb     : transport.cpp:307 localhost:5555: write thread spawning
07-11 13:30:53.332 27933 423468 I adb     : transport.cpp:1248 localhost:5555: connection terminated: write failed
07-11 13:30:53.332 27933 423467 I adb     : transport.cpp:339 localhost:5555: read failed: Success
07-11 13:30:53.332 27933 27933 I adb     : adb.cpp:172 localhost:5555: already offline
07-11 13:30:53.332 27933 27933 I adb     : transport.cpp:931 destroying transport localhost:5555
07-11 13:30:53.332 27933 27933 I adb     : transport.cpp:407 BlockingConnectionAdapter(localhost:5555): stopping
07-11 13:30:53.332 27933 27933 I adb     : transport.cpp:425 BlockingConnectionAdapter(localhost:5555): stopped
07-11 13:30:53.583 27933 27934 I adb     : transport.cpp:294 BlockingConnectionAdapter(localhost:5555): destructing
07-11 13:30:53.583 27933 27934 I adb     : transport.cpp:400 BlockingConnectionAdapter(localhost:5555): already stopped
07-11 13:30:53.583 27933 423469 I adb     : transport.cpp:335 localhost:5555: read thread spawning
07-11 13:30:53.583 27933 423470 I adb     : transport.cpp:307 localhost:5555: write thread spawning
07-11 13:30:53.583 27933 423469 I adb     : transport.cpp:339 localhost:5555: read failed: Connection reset by peer
07-11 13:30:53.583 27933 423469 I adb     : transport.cpp:1248 localhost:5555: connection terminated: read failed
07-11 13:30:53.583 27933 27933 I adb     : adb.cpp:172 localhost:5555: already offline
07-11 13:30:53.583 27933 27933 I adb     : transport.cpp:931 destroying transport localhost:5555
07-11 13:30:53.583 27933 27933 I adb     : transport.cpp:407 BlockingConnectionAdapter(localhost:5555): stopping
07-11 13:30:53.583 27933 27933 I adb     : transport.cpp:425 BlockingConnectionAdapter(localhost:5555): stopped
07-11 13:30:53.834 27933 27934 I adb     : transport.cpp:294 BlockingConnectionAdapter(localhost:5555): destructing
07-11 13:30:53.834 27933 27934 I adb     : transport.cpp:400 BlockingConnectionAdapter(localhost:5555): already stopped
07-11 13:30:53.834 27933 423473 I adb     : transport.cpp:335 localhost:5555: read thread spawning
07-11 13:30:53.834 27933 423474 I adb     : transport.cpp:307 localhost:5555: write thread spawning
07-11 13:30:53.834 27933 423474 I adb     : transport.cpp:1248 localhost:5555: connection terminated: write failed
07-11 13:30:53.834 27933 27933 I adb     : adb.cpp:172 localhost:5555: already offline
07-11 13:30:53.834 27933 27933 I adb     : transport.cpp:931 destroying transport localhost:5555
07-11 13:30:53.834 27933 27933 I adb     : transport.cpp:407 BlockingConnectionAdapter(localhost:5555): stopping
07-11 13:30:53.834 27933 423473 I adb     : transport.cpp:339 localhost:5555: read failed: Success
07-11 13:30:53.834 27933 27933 I adb     : transport.cpp:425 BlockingConnectionAdapter(localhost:5555): stopped
07-11 13:30:54.084 27933 27934 I adb     : transport.cpp:294 BlockingConnectionAdapter(localhost:5555): destructing
07-11 13:30:54.084 27933 27934 I adb     : transport.cpp:400 BlockingConnectionAdapter(localhost:5555): already stopped
07-11 13:30:54.085 27933 423477 I adb     : transport.cpp:335 localhost:5555: read thread spawning
07-11 13:30:54.085 27933 423478 I adb     : transport.cpp:307 localhost:5555: write thread spawning
07-11 13:30:54.085 27933 423478 I adb     : transport.cpp:1248 localhost:5555: connection terminated: write failed
07-11 13:30:54.085 27933 27933 I adb     : adb.cpp:172 localhost:5555: already offline
07-11 13:30:54.085 27933 27933 I adb     : transport.cpp:931 destroying transport localhost:5555
07-11 13:30:54.085 27933 27933 I adb     : transport.cpp:407 BlockingConnectionAdapter(localhost:5555): stopping
07-11 13:30:54.085 27933 423477 I adb     : transport.cpp:339 localhost:5555: read failed: Success
07-11 13:30:54.085 27933 27933 I adb     : transport.cpp:425 BlockingConnectionAdapter(localhost:5555): stopped
07-11 13:30:54.335 27933 27934 I adb     : transport.cpp:294 BlockingConnectionAdapter(localhost:5555): destructing
07-11 13:30:54.335 27933 27934 I adb     : transport.cpp:400 BlockingConnectionAdapter(localhost:5555): already stopped
07-11 13:30:54.335 27933 423479 I adb     : transport.cpp:335 localhost:5555: read thread spawning
07-11 13:30:54.335 27933 423480 I adb     : transport.cpp:307 localhost:5555: write thread spawning
07-11 13:30:54.335 27933 423479 I adb     : transport.cpp:339 localhost:5555: read failed: Connection reset by peer
07-11 13:30:54.335 27933 423479 I adb     : transport.cpp:1248 localhost:5555: connection terminated: read failed
07-11 13:30:54.335 27933 27933 I adb     : adb.cpp:172 localhost:5555: already offline
07-11 13:30:54.335 27933 27933 I adb     : transport.cpp:931 destroying transport localhost:5555
07-11 13:30:54.336 27933 27933 I adb     : transport.cpp:407 BlockingConnectionAdapter(localhost:5555): stopping
07-11 13:30:54.336 27933 27933 I adb     : transport.cpp:425 BlockingConnectionAdapter(localhost:5555): stopped
07-11 13:30:54.586 27933 27934 I adb     : transport.cpp:294 BlockingConnectionAdapter(localhost:5555): destructing
07-11 13:30:54.586 27933 27934 I adb     : transport.cpp:400 BlockingConnectionAdapter(localhost:5555): already stopped
07-11 13:30:54.586 27933 423487 I adb     : transport.cpp:335 localhost:5555: read thread spawning
07-11 13:30:54.586 27933 423488 I adb     : transport.cpp:307 localhost:5555: write thread spawning
07-11 13:30:54.586 27933 423487 I adb     : transport.cpp:339 localhost:5555: read failed: Success
07-11 13:30:54.586 27933 423487 I adb     : transport.cpp:1248 localhost:5555: connection terminated: read failed
07-11 13:30:54.586 27933 27933 I adb     : adb.cpp:172 localhost:5555: already offline
07-11 13:30:54.586 27933 27933 I adb     : transport.cpp:931 destroying transport localhost:5555
07-11 13:30:54.586 27933 27933 I adb     : transport.cpp:407 BlockingConnectionAdapter(localhost:5555): stopping
07-11 13:30:54.586 27933 27933 I adb     : transport.cpp:425 BlockingConnectionAdapter(localhost:5555): stopped
07-11 13:30:54.837 27933 27934 I adb     : transport.cpp:294 BlockingConnectionAdapter(localhost:5555): destructing
07-11 13:30:54.837 27933 27934 I adb     : transport.cpp:400 BlockingConnectionAdapter(localhost:5555): already stopped
07-11 13:30:54.837 27933 423489 I adb     : transport.cpp:335 localhost:5555: read thread spawning
07-11 13:30:54.837 27933 423490 I adb     : transport.cpp:307 localhost:5555: write thread spawning
07-11 13:30:54.837 27933 423490 I adb     : transport.cpp:1248 localhost:5555: connection terminated: write failed
07-11 13:30:54.837 27933 423489 I adb     : transport.cpp:339 localhost:5555: read failed: Success
07-11 13:30:54.837 27933 27933 I adb     : adb.cpp:172 localhost:5555: already offline
07-11 13:30:54.837 27933 27933 I adb     : transport.cpp:931 destroying transport localhost:5555
07-11 13:30:54.837 27933 27933 I adb     : transport.cpp:407 BlockingConnectionAdapter(localhost:5555): stopping
07-11 13:30:54.837 27933 27933 I adb     : transport.cpp:425 BlockingConnectionAdapter(localhost:5555): stopped
07-11 13:30:55.087 27933 27934 I adb     : transport.cpp:294 BlockingConnectionAdapter(localhost:5555): destructing
07-11 13:30:55.087 27933 27934 I adb     : transport.cpp:400 BlockingConnectionAdapter(localhost:5555): already stopped
07-11 13:30:55.088 27933 423549 I adb     : transport.cpp:335 localhost:5555: read thread spawning
07-11 13:30:55.088 27933 423549 I adb     : transport.cpp:339 localhost:5555: read failed: Success
07-11 13:30:55.088 27933 423549 I adb     : transport.cpp:1248 localhost:5555: connection terminated: read failed
07-11 13:30:55.088 27933 27933 I adb     : adb.cpp:172 localhost:5555: already offline
07-11 13:30:55.088 27933 27933 I adb     : transport.cpp:931 destroying transport localhost:5555
07-11 13:30:55.088 27933 27933 I adb     : transport.cpp:407 BlockingConnectionAdapter(localhost:5555): stopping
07-11 13:30:55.088 27933 423550 I adb     : transport.cpp:307 localhost:5555: write thread spawning
07-11 13:30:55.088 27933 27933 I adb     : transport.cpp:425 BlockingConnectionAdapter(localhost:5555): stopped
07-11 13:30:55.338 27933 27934 I adb     : transport.cpp:294 BlockingConnectionAdapter(localhost:5555): destructing
07-11 13:30:55.338 27933 27934 I adb     : transport.cpp:400 BlockingConnectionAdapter(localhost:5555): already stopped
07-11 13:30:55.338 27933 423555 I adb     : transport.cpp:335 localhost:5555: read thread spawning
07-11 13:30:55.338 27933 423556 I adb     : transport.cpp:307 localhost:5555: write thread spawning
07-11 13:30:55.338 27933 423555 I adb     : transport.cpp:339 localhost:5555: read failed: Success
07-11 13:30:55.338 27933 423555 I adb     : transport.cpp:1248 localhost:5555: connection terminated: read failed
07-11 13:30:55.338 27933 27933 I adb     : adb.cpp:172 localhost:5555: already offline
07-11 13:30:55.338 27933 27933 I adb     : transport.cpp:931 destroying transport localhost:5555
07-11 13:30:55.338 27933 27933 I adb     : transport.cpp:407 BlockingConnectionAdapter(localhost:5555): stopping
07-11 13:30:55.339 27933 27933 I adb     : transport.cpp:425 BlockingConnectionAdapter(localhost:5555): stopped
07-11 13:30:55.589 27933 27934 I adb     : transport.cpp:294 BlockingConnectionAdapter(localhost:5555): destructing
07-11 13:30:55.589 27933 27934 I adb     : transport.cpp:400 BlockingConnectionAdapter(localhost:5555): already stopped
07-11 13:30:55.589 27933 423557 I adb     : transport.cpp:335 localhost:5555: read thread spawning
07-11 13:30:55.589 27933 423558 I adb     : transport.cpp:307 localhost:5555: write thread spawning
07-11 13:30:55.589 27933 423557 I adb     : transport.cpp:339 localhost:5555: read failed: Connection reset by peer
07-11 13:30:55.589 27933 423557 I adb     : transport.cpp:1248 localhost:5555: connection terminated: read failed
07-11 13:30:55.589 27933 27933 I adb     : adb.cpp:172 localhost:5555: already offline
07-11 13:30:55.589 27933 27933 I adb     : transport.cpp:931 destroying transport localhost:5555
07-11 13:30:55.589 27933 27933 I adb     : transport.cpp:407 BlockingConnectionAdapter(localhost:5555): stopping
07-11 13:30:55.589 27933 27933 I adb     : transport.cpp:425 BlockingConnectionAdapter(localhost:5555): stopped
07-11 13:30:55.840 27933 27934 I adb     : transport.cpp:294 BlockingConnectionAdapter(localhost:5555): destructing
07-11 13:30:55.840 27933 27934 I adb     : transport.cpp:400 BlockingConnectionAdapter(localhost:5555): already stopped
07-11 13:30:55.840 27933 423560 I adb     : transport.cpp:335 localhost:5555: read thread spawning
07-11 13:30:55.840 27933 423561 I adb     : transport.cpp:307 localhost:5555: write thread spawning
07-11 13:30:55.840 27933 423561 I adb     : transport.cpp:1248 localhost:5555: connection terminated: write failed
07-11 13:30:55.840 27933 423560 I adb     : transport.cpp:339 localhost:5555: read failed: Success
07-11 13:30:55.840 27933 27933 I adb     : adb.cpp:172 localhost:5555: already offline
07-11 13:30:55.840 27933 27933 I adb     : transport.cpp:931 destroying transport localhost:5555
07-11 13:30:55.840 27933 27933 I adb     : transport.cpp:407 BlockingConnectionAdapter(localhost:5555): stopping
07-11 13:30:55.840 27933 27933 I adb     : transport.cpp:425 BlockingConnectionAdapter(localhost:5555): stopped
07-11 13:30:56.090 27933 27934 I adb     : transport.cpp:294 BlockingConnectionAdapter(localhost:5555): destructing
07-11 13:30:56.090 27933 27934 I adb     : transport.cpp:400 BlockingConnectionAdapter(localhost:5555): already stopped
07-11 13:30:56.090 27933 423576 I adb     : transport.cpp:335 localhost:5555: read thread spawning
07-11 13:30:56.090 27933 423577 I adb     : transport.cpp:307 localhost:5555: write thread spawning
07-11 13:30:56.091 27933 27933 I adb     : adb.cpp:172 localhost:5555: already offline
07-11 13:31:39.565 27933 425145 I adb     : transport.cpp:294 BlockingConnectionAdapter(<unknown>): destructing
07-11 13:31:39.565 27933 425145 I adb     : transport.cpp:395 BlockingConnectionAdapter(<unknown>): not started
07-11 13:34:41.090 27933 423576 I adb     : transport.cpp:339 localhost:5555: read failed: Success
07-11 13:34:41.090 27933 423576 I adb     : transport.cpp:1248 localhost:5555: connection terminated: read failed
07-11 13:34:41.090 27933 27933 I adb     : adb.cpp:176 localhost:5555: offline
07-11 13:34:41.090 27933 27933 I adb     : transport.cpp:931 destroying transport localhost:5555
07-11 13:34:41.090 27933 27933 I adb     : transport.cpp:407 BlockingConnectionAdapter(localhost:5555): stopping
07-11 13:34:41.091 27933 27933 I adb     : transport.cpp:425 BlockingConnectionAdapter(localhost:5555): stopped
07-11 13:34:50.342 27933 27934 I adb     : transport.cpp:294 BlockingConnectionAdapter(localhost:5555): destructing
07-11 13:34:50.342 27933 27934 I adb     : transport.cpp:400 BlockingConnectionAdapter(localhost:5555): already stopped
07-11 13:34:50.342 27933 428463 I adb     : transport.cpp:335 localhost:5555: read thread spawning
07-11 13:34:50.342 27933 428464 I adb     : transport.cpp:307 localhost:5555: write thread spawning
07-11 13:34:50.342 27933 428463 I adb     : transport.cpp:339 localhost:5555: read failed: Connection reset by peer
07-11 13:34:50.342 27933 428463 I adb     : transport.cpp:1248 localhost:5555: connection terminated: read failed
07-11 13:34:50.342 27933 27933 I adb     : adb.cpp:172 localhost:5555: already offline
07-11 13:34:50.342 27933 27933 I adb     : transport.cpp:931 destroying transport localhost:5555
07-11 13:34:50.342 27933 27933 I adb     : transport.cpp:407 BlockingConnectionAdapter(localhost:5555): stopping
07-11 13:34:50.342 27933 27933 I adb     : transport.cpp:425 BlockingConnectionAdapter(localhost:5555): stopped
07-11 13:34:50.593 27933 27934 I adb     : transport.cpp:294 BlockingConnectionAdapter(localhost:5555): destructing
07-11 13:34:50.593 27933 27934 I adb     : transport.cpp:400 BlockingConnectionAdapter(localhost:5555): already stopped
07-11 13:34:50.593 27933 428466 I adb     : transport.cpp:335 localhost:5555: read thread spawning
07-11 13:34:50.593 27933 428467 I adb     : transport.cpp:307 localhost:5555: write thread spawning
